12:41:49 **** Build of project lab_6_software_bsp ****
make -k all 
Running Make include in ps7_cortexa9_0/libsrc/dmaps_v2_3/src
make -C ps7_cortexa9_0/libsrc/dmaps_v2_3/src -s include  "SHELL=/bin/sh" "COMPILER=arm-none-eabi-gcc" "ARCHIVER=arm-none-eabi-ar" "COMPILER_FLAGS=  -O2 -c" "EXTRA_COMPILER_FLAGS=-mcpu=cortex-a9 -mfpu=vfpv3 -mfloat-abi=hard -nostartfiles -g -Wall -Wextra"
Running Make include in ps7_cortexa9_0/libsrc/ddrps_v1_0/src
make -C ps7_cortexa9_0/libsrc/ddrps_v1_0/src -s include  "SHELL=/bin/sh" "COMPILER=arm-none-eabi-gcc" "ARCHIVER=arm-none-eabi-ar" "COMPILER_FLAGS=  -O2 -c" "EXTRA_COMPILER_FLAGS=-mcpu=cortex-a9 -mfpu=vfpv3 -mfloat-abi=hard -nostartfiles -g -Wall -Wextra"
Running Make include in ps7_cortexa9_0/libsrc/PmodOLED_v1_0/src
make -C ps7_cortexa9_0/libsrc/PmodOLED_v1_0/src -s include  "SHELL=/bin/sh" "COMPILER=arm-none-eabi-gcc" "ARCHIVER=arm-none-eabi-ar" "COMPILER_FLAGS=  -O2 -c" "EXTRA_COMPILER_FLAGS=-mcpu=cortex-a9 -mfpu=vfpv3 -mfloat-abi=hard -nostartfiles -g -Wall -Wextra"
Running Make include in ps7_cortexa9_0/libsrc/qspips_v3_4/src
make -C ps7_cortexa9_0/libsrc/qspips_v3_4/src -s include  "SHELL=/bin/sh" "COMPILER=arm-none-eabi-gcc" "ARCHIVER=arm-none-eabi-ar" "COMPILER_FLAGS=  -O2 -c" "EXTRA_COMPILER_FLAGS=-mcpu=cortex-a9 -mfpu=vfpv3 -mfloat-abi=hard -nostartfiles -g -Wall -Wextra"
Running Make include in ps7_cortexa9_0/libsrc/standalone_v6_7/src
make -C ps7_cortexa9_0/libsrc/standalone_v6_7/src -s include  "SHELL=/bin/sh" "COMPILER=arm-none-eabi-gcc" "ARCHIVER=arm-none-eabi-ar" "COMPILER_FLAGS=  -O2 -c" "EXTRA_COMPILER_FLAGS=-mcpu=cortex-a9 -mfpu=vfpv3 -mfloat-abi=hard -nostartfiles -g -Wall -Wextra"
Running Make include in ps7_cortexa9_0/libsrc/gpiops_v3_3/src
make -C ps7_cortexa9_0/libsrc/gpiops_v3_3/src -s include  "SHELL=/bin/sh" "COMPILER=arm-none-eabi-gcc" "ARCHIVER=arm-none-eabi-ar" "COMPILER_FLAGS=  -O2 -c" "EXTRA_COMPILER_FLAGS=-mcpu=cortex-a9 -mfpu=vfpv3 -mfloat-abi=hard -nostartfiles -g -Wall -Wextra"
Running Make include in ps7_cortexa9_0/libsrc/emacps_v3_7/src
make -C ps7_cortexa9_0/libsrc/emacps_v3_7/src -s include  "SHELL=/bin/sh" "COMPILER=arm-none-eabi-gcc" "ARCHIVER=arm-none-eabi-ar" "COMPILER_FLAGS=  -O2 -c" "EXTRA_COMPILER_FLAGS=-mcpu=cortex-a9 -mfpu=vfpv3 -mfloat-abi=hard -nostartfiles -g -Wall -Wextra"
Running Make include in ps7_cortexa9_0/libsrc/devcfg_v3_5/src
make -C ps7_cortexa9_0/libsrc/devcfg_v3_5/src -s include  "SHELL=/bin/sh" "COMPILER=arm-none-eabi-gcc" "ARCHIVER=arm-none-eabi-ar" "COMPILER_FLAGS=  -O2 -c" "EXTRA_COMPILER_FLAGS=-mcpu=cortex-a9 -mfpu=vfpv3 -mfloat-abi=hard -nostartfiles -g -Wall -Wextra"
Running Make include in ps7_cortexa9_0/libsrc/scugic_v3_9/src
make -C ps7_cortexa9_0/libsrc/scugic_v3_9/src -s include  "SHELL=/bin/sh" "COMPILER=arm-none-eabi-gcc" "ARCHIVER=arm-none-eabi-ar" "COMPILER_FLAGS=  -O2 -c" "EXTRA_COMPILER_FLAGS=-mcpu=cortex-a9 -mfpu=vfpv3 -mfloat-abi=hard -nostartfiles -g -Wall -Wextra"
Running Make include in ps7_cortexa9_0/libsrc/uartps_v3_6/src
make -C ps7_cortexa9_0/libsrc/uartps_v3_6/src -s include  "SHELL=/bin/sh" "COMPILER=arm-none-eabi-gcc" "ARCHIVER=arm-none-eabi-ar" "COMPILER_FLAGS=  -O2 -c" "EXTRA_COMPILER_FLAGS=-mcpu=cortex-a9 -mfpu=vfpv3 -mfloat-abi=hard -nostartfiles -g -Wall -Wextra"
Running Make include in ps7_cortexa9_0/libsrc/xadcps_v2_2/src
make -C ps7_cortexa9_0/libsrc/xadcps_v2_2/src -s include  "SHELL=/bin/sh" "COMPILER=arm-none-eabi-gcc" "ARCHIVER=arm-none-eabi-ar" "COMPILER_FLAGS=  -O2 -c" "EXTRA_COMPILER_FLAGS=-mcpu=cortex-a9 -mfpu=vfpv3 -mfloat-abi=hard -nostartfiles -g -Wall -Wextra"
Running Make include in ps7_cortexa9_0/libsrc/cpu_cortexa9_v2_6/src
make -C ps7_cortexa9_0/libsrc/cpu_cortexa9_v2_6/src -s include  "SHELL=/bin/sh" "COMPILER=arm-none-eabi-gcc" "ARCHIVER=arm-none-eabi-ar" "COMPILER_FLAGS=  -O2 -c" "EXTRA_COMPILER_FLAGS=-mcpu=cortex-a9 -mfpu=vfpv3 -mfloat-abi=hard -nostartfiles -g -Wall -Wextra"
Running Make include in ps7_cortexa9_0/libsrc/scuwdt_v2_1/src
make -C ps7_cortexa9_0/libsrc/scuwdt_v2_1/src -s include  "SHELL=/bin/sh" "COMPILER=arm-none-eabi-gcc" "ARCHIVER=arm-none-eabi-ar" "COMPILER_FLAGS=  -O2 -c" "EXTRA_COMPILER_FLAGS=-mcpu=cortex-a9 -mfpu=vfpv3 -mfloat-abi=hard -nostartfiles -g -Wall -Wextra"
Running Make include in ps7_cortexa9_0/libsrc/ttcps_v3_6/src
make -C ps7_cortexa9_0/libsrc/ttcps_v3_6/src -s include  "SHELL=/bin/sh" "COMPILER=arm-none-eabi-gcc" "ARCHIVER=arm-none-eabi-ar" "COMPILER_FLAGS=  -O2 -c" "EXTRA_COMPILER_FLAGS=-mcpu=cortex-a9 -mfpu=vfpv3 -mfloat-abi=hard -nostartfiles -g -Wall -Wextra"
Running Make include in ps7_cortexa9_0/libsrc/sdps_v3_5/src
make -C ps7_cortexa9_0/libsrc/sdps_v3_5/src -s include  "SHELL=/bin/sh" "COMPILER=arm-none-eabi-gcc" "ARCHIVER=arm-none-eabi-ar" "COMPILER_FLAGS=  -O2 -c" "EXTRA_COMPILER_FLAGS=-mcpu=cortex-a9 -mfpu=vfpv3 -mfloat-abi=hard -nostartfiles -g -Wall -Wextra"
Running Make include in ps7_cortexa9_0/libsrc/PmodRTCC_v1_0/src
make -C ps7_cortexa9_0/libsrc/PmodRTCC_v1_0/src -s include  "SHELL=/bin/sh" "COMPILER=arm-none-eabi-gcc" "ARCHIVER=arm-none-eabi-ar" "COMPILER_FLAGS=  -O2 -c" "EXTRA_COMPILER_FLAGS=-mcpu=cortex-a9 -mfpu=vfpv3 -mfloat-abi=hard -nostartfiles -g -Wall -Wextra"
Running Make include in ps7_cortexa9_0/libsrc/usbps_v2_4/src
make -C ps7_cortexa9_0/libsrc/usbps_v2_4/src -s include  "SHELL=/bin/sh" "COMPILER=arm-none-eabi-gcc" "ARCHIVER=arm-none-eabi-ar" "COMPILER_FLAGS=  -O2 -c" "EXTRA_COMPILER_FLAGS=-mcpu=cortex-a9 -mfpu=vfpv3 -mfloat-abi=hard -nostartfiles -g -Wall -Wextra"
Running Make include in ps7_cortexa9_0/libsrc/coresightps_dcc_v1_4/src
make -C ps7_cortexa9_0/libsrc/coresightps_dcc_v1_4/src -s include  "SHELL=/bin/sh" "COMPILER=arm-none-eabi-gcc" "ARCHIVER=arm-none-eabi-ar" "COMPILER_FLAGS=  -O2 -c" "EXTRA_COMPILER_FLAGS=-mcpu=cortex-a9 -mfpu=vfpv3 -mfloat-abi=hard -nostartfiles -g -Wall -Wextra"
Running Make include in ps7_cortexa9_0/libsrc/scutimer_v2_1/src
make -C ps7_cortexa9_0/libsrc/scutimer_v2_1/src -s include  "SHELL=/bin/sh" "COMPILER=arm-none-eabi-gcc" "ARCHIVER=arm-none-eabi-ar" "COMPILER_FLAGS=  -O2 -c" "EXTRA_COMPILER_FLAGS=-mcpu=cortex-a9 -mfpu=vfpv3 -mfloat-abi=hard -nostartfiles -g -Wall -Wextra"
Running Make libs in ps7_cortexa9_0/libsrc/dmaps_v2_3/src
make -C ps7_cortexa9_0/libsrc/dmaps_v2_3/src -s libs  "SHELL=/bin/sh" "COMPILER=arm-none-eabi-gcc" "ARCHIVER=arm-none-eabi-ar" "COMPILER_FLAGS=  -O2 -c" "EXTRA_COMPILER_FLAGS=-mcpu=cortex-a9 -mfpu=vfpv3 -mfloat-abi=hard -nostartfiles -g -Wall -Wextra"
Compiling dmaps
arm-none-eabi-ar: creating ../../../lib/libxil.a
Running Make libs in ps7_cortexa9_0/libsrc/ddrps_v1_0/src
make -C ps7_cortexa9_0/libsrc/ddrps_v1_0/src -s libs  "SHELL=/bin/sh" "COMPILER=arm-none-eabi-gcc" "ARCHIVER=arm-none-eabi-ar" "COMPILER_FLAGS=  -O2 -c" "EXTRA_COMPILER_FLAGS=-mcpu=cortex-a9 -mfpu=vfpv3 -mfloat-abi=hard -nostartfiles -g -Wall -Wextra"
Compiling ddrps
Running Make libs in ps7_cortexa9_0/libsrc/PmodOLED_v1_0/src
make -C ps7_cortexa9_0/libsrc/PmodOLED_v1_0/src -s libs  "SHELL=/bin/sh" "COMPILER=arm-none-eabi-gcc" "ARCHIVER=arm-none-eabi-ar" "COMPILER_FLAGS=  -O2 -c" "EXTRA_COMPILER_FLAGS=-mcpu=cortex-a9 -mfpu=vfpv3 -mfloat-abi=hard -nostartfiles -g -Wall -Wextra"
Compiling PmodOLED...
OledDriver.c: In function 'OLED_Update':
OledDriver.c:532:14: warning: unused variable 'icol' [-Wunused-variable]
     int      icol;
              ^~~~
OledGrph.c: In function 'OLED_GetStdPattern':
OledGrph.c:196:23: warning: return discards 'const' qualifier from pointer target type [-Wdiscarded-qualifiers]
     return rgbFillPat + 8*ipat;
            ~~~~~~~~~~~^~~~~~~~
OledGrph.c: In function 'OLED_FillRect':
OledGrph.c:506:9: warning: unused variable 'bTmp' [-Wunused-variable]
     u8  bTmp;
         ^~~~
OledGrph.c: In function 'OLED_GetBmp':
OledGrph.c:612:11: warning: variable 'bTmp' set but not used [-Wunused-but-set-variable]
     u8    bTmp;
           ^~~~
OledGrph.c: In function 'OLED_PutBmp':
OledGrph.c:713:11: warning: unused variable 'bTmp' [-Wunused-variable]
     u8    bTmp;
           ^~~~
OledGrph.c:706:11: warning: unused variable 'bDsp' [-Wunused-variable]
     u8    bDsp;
           ^~~~
OledGrph.c: In function 'OLED_DrawChar':
OledGrph.c:812:11: warning: unused variable 'ib' [-Wunused-variable]
     int   ib;
           ^~
OledGrph.c:811:11: warning: variable 'pbBmp' set but not used [-Wunused-but-set-variable]
     u8   *pbBmp;
           ^~~~~
Running Make libs in ps7_cortexa9_0/libsrc/qspips_v3_4/src
make -C ps7_cortexa9_0/libsrc/qspips_v3_4/src -s libs  "SHELL=/bin/sh" "COMPILER=arm-none-eabi-gcc" "ARCHIVER=arm-none-eabi-ar" "COMPILER_FLAGS=  -O2 -c" "EXTRA_COMPILER_FLAGS=-mcpu=cortex-a9 -mfpu=vfpv3 -mfloat-abi=hard -nostartfiles -g -Wall -Wextra"
Compiling qspips
Running Make libs in ps7_cortexa9_0/libsrc/standalone_v6_7/src
make -C ps7_cortexa9_0/libsrc/standalone_v6_7/src -s libs  "SHELL=/bin/sh" "COMPILER=arm-none-eabi-gcc" "ARCHIVER=arm-none-eabi-ar" "COMPILER_FLAGS=  -O2 -c" "EXTRA_COMPILER_FLAGS=-mcpu=cortex-a9 -mfpu=vfpv3 -mfloat-abi=hard -nostartfiles -g -Wall -Wextra"
Compiling standalone
In file included from sleep.c:57:0:
xtime_l.h:89:9: note: #pragma message: For the sleep routines, Global timer is being used
 #pragma message ("For the sleep routines, Global timer is being used")
         ^~~~~~~
In file included from xil_sleeptimer.c:55:0:
xtime_l.h:89:9: note: #pragma message: For the sleep routines, Global timer is being used
 #pragma message ("For the sleep routines, Global timer is being used")
         ^~~~~~~
In file included from xtime_l.c:53:0:
xtime_l.h:89:9: note: #pragma message: For the sleep routines, Global timer is being used
 #pragma message ("For the sleep routines, Global timer is being used")
         ^~~~~~~
In file included from usleep.c:60:0:
xtime_l.h:89:9: note: #pragma message: For the sleep routines, Global timer is being used
 #pragma message ("For the sleep routines, Global timer is being used")
         ^~~~~~~
Running Make libs in ps7_cortexa9_0/libsrc/gpiops_v3_3/src
make -C ps7_cortexa9_0/libsrc/gpiops_v3_3/src -s libs  "SHELL=/bin/sh" "COMPILER=arm-none-eabi-gcc" "ARCHIVER=arm-none-eabi-ar" "COMPILER_FLAGS=  -O2 -c" "EXTRA_COMPILER_FLAGS=-mcpu=cortex-a9 -mfpu=vfpv3 -mfloat-abi=hard -nostartfiles -g -Wall -Wextra"
Compiling gpiops
Running Make libs in ps7_cortexa9_0/libsrc/emacps_v3_7/src
make -C ps7_cortexa9_0/libsrc/emacps_v3_7/src -s libs  "SHELL=/bin/sh" "COMPILER=arm-none-eabi-gcc" "ARCHIVER=arm-none-eabi-ar" "COMPILER_FLAGS=  -O2 -c" "EXTRA_COMPILER_FLAGS=-mcpu=cortex-a9 -mfpu=vfpv3 -mfloat-abi=hard -nostartfiles -g -Wall -Wextra"
Compiling emacps
Running Make libs in ps7_cortexa9_0/libsrc/devcfg_v3_5/src
make -C ps7_cortexa9_0/libsrc/devcfg_v3_5/src -s libs  "SHELL=/bin/sh" "COMPILER=arm-none-eabi-gcc" "ARCHIVER=arm-none-eabi-ar" "COMPILER_FLAGS=  -O2 -c" "EXTRA_COMPILER_FLAGS=-mcpu=cortex-a9 -mfpu=vfpv3 -mfloat-abi=hard -nostartfiles -g -Wall -Wextra"
Compiling devcfg
Running Make libs in ps7_cortexa9_0/libsrc/scugic_v3_9/src
make -C ps7_cortexa9_0/libsrc/scugic_v3_9/src -s libs  "SHELL=/bin/sh" "COMPILER=arm-none-eabi-gcc" "ARCHIVER=arm-none-eabi-ar" "COMPILER_FLAGS=  -O2 -c" "EXTRA_COMPILER_FLAGS=-mcpu=cortex-a9 -mfpu=vfpv3 -mfloat-abi=hard -nostartfiles -g -Wall -Wextra"
Compiling scugic
Running Make libs in ps7_cortexa9_0/libsrc/uartps_v3_6/src
make -C ps7_cortexa9_0/libsrc/uartps_v3_6/src -s libs  "SHELL=/bin/sh" "COMPILER=arm-none-eabi-gcc" "ARCHIVER=arm-none-eabi-ar" "COMPILER_FLAGS=  -O2 -c" "EXTRA_COMPILER_FLAGS=-mcpu=cortex-a9 -mfpu=vfpv3 -mfloat-abi=hard -nostartfiles -g -Wall -Wextra"
Compiling uartps
Running Make libs in ps7_cortexa9_0/libsrc/xadcps_v2_2/src
make -C ps7_cortexa9_0/libsrc/xadcps_v2_2/src -s libs  "SHELL=/bin/sh" "COMPILER=arm-none-eabi-gcc" "ARCHIVER=arm-none-eabi-ar" "COMPILER_FLAGS=  -O2 -c" "EXTRA_COMPILER_FLAGS=-mcpu=cortex-a9 -mfpu=vfpv3 -mfloat-abi=hard -nostartfiles -g -Wall -Wextra"
Compiling xadcps
Running Make libs in ps7_cortexa9_0/libsrc/cpu_cortexa9_v2_6/src
make -C ps7_cortexa9_0/libsrc/cpu_cortexa9_v2_6/src -s libs  "SHELL=/bin/sh" "COMPILER=arm-none-eabi-gcc" "ARCHIVER=arm-none-eabi-ar" "COMPILER_FLAGS=  -O2 -c" "EXTRA_COMPILER_FLAGS=-mcpu=cortex-a9 -mfpu=vfpv3 -mfloat-abi=hard -nostartfiles -g -Wall -Wextra"
Compiling cpu_cortexa9
Running Make libs in ps7_cortexa9_0/libsrc/scuwdt_v2_1/src
make -C ps7_cortexa9_0/libsrc/scuwdt_v2_1/src -s libs  "SHELL=/bin/sh" "COMPILER=arm-none-eabi-gcc" "ARCHIVER=arm-none-eabi-ar" "COMPILER_FLAGS=  -O2 -c" "EXTRA_COMPILER_FLAGS=-mcpu=cortex-a9 -mfpu=vfpv3 -mfloat-abi=hard -nostartfiles -g -Wall -Wextra"
Compiling scuwdt
Running Make libs in ps7_cortexa9_0/libsrc/ttcps_v3_6/src
make -C ps7_cortexa9_0/libsrc/ttcps_v3_6/src -s libs  "SHELL=/bin/sh" "COMPILER=arm-none-eabi-gcc" "ARCHIVER=arm-none-eabi-ar" "COMPILER_FLAGS=  -O2 -c" "EXTRA_COMPILER_FLAGS=-mcpu=cortex-a9 -mfpu=vfpv3 -mfloat-abi=hard -nostartfiles -g -Wall -Wextra"
Compiling ttcps
Running Make libs in ps7_cortexa9_0/libsrc/sdps_v3_5/src
make -C ps7_cortexa9_0/libsrc/sdps_v3_5/src -s libs  "SHELL=/bin/sh" "COMPILER=arm-none-eabi-gcc" "ARCHIVER=arm-none-eabi-ar" "COMPILER_FLAGS=  -O2 -c" "EXTRA_COMPILER_FLAGS=-mcpu=cortex-a9 -mfpu=vfpv3 -mfloat-abi=hard -nostartfiles -g -Wall -Wextra"
Compiling sdps
Running Make libs in ps7_cortexa9_0/libsrc/PmodRTCC_v1_0/src
make -C ps7_cortexa9_0/libsrc/PmodRTCC_v1_0/src -s libs  "SHELL=/bin/sh" "COMPILER=arm-none-eabi-gcc" "ARCHIVER=arm-none-eabi-ar" "COMPILER_FLAGS=  -O2 -c" "EXTRA_COMPILER_FLAGS=-mcpu=cortex-a9 -mfpu=vfpv3 -mfloat-abi=hard -nostartfiles -g -Wall -Wextra"
Compiling PmodRTCC...
In file included from xiic.h:311:0,
                 from PmodRTCC.h:30,
                 from PmodRTCC.c:25:
PmodRTCC.c: In function 'RTCC_IICInit':
xiic_l.h:300:13: warning: passing argument 1 of 'Xil_Out32' makes integer from pointer without a cast [-Wint-conversion]
  XIic_Out32((BaseAddress) + (RegOffset), (RegisterValue))
             ^
xiic_l.h:317:2: note: in expansion of macro 'XIic_WriteReg'
  XIic_WriteReg((BaseAddress), XIIC_DGIER_OFFSET, 0)
  ^~~~~~~~~~~~~
PmodRTCC.c:97:4: note: in expansion of macro 'XIic_IntrGlobalDisable'
    XIic_IntrGlobalDisable(IicInstancePtr);
    ^~~~~~~~~~~~~~~~~~~~~~
In file included from xiic_l.h:98:0,
                 from xiic.h:311,
                 from PmodRTCC.h:30,
                 from PmodRTCC.c:25:
../../../include/xil_io.h:223:20: note: expected 'UINTPTR {aka unsigned int}' but argument is of type 'XIic * {aka struct <anonymous> *}'
 static INLINE void Xil_Out32(UINTPTR Addr, u32 Value)
                    ^~~~~~~~~
Running Make libs in ps7_cortexa9_0/libsrc/usbps_v2_4/src
make -C ps7_cortexa9_0/libsrc/usbps_v2_4/src -s libs  "SHELL=/bin/sh" "COMPILER=arm-none-eabi-gcc" "ARCHIVER=arm-none-eabi-ar" "COMPILER_FLAGS=  -O2 -c" "EXTRA_COMPILER_FLAGS=-mcpu=cortex-a9 -mfpu=vfpv3 -mfloat-abi=hard -nostartfiles -g -Wall -Wextra"
Compiling usbps
Running Make libs in ps7_cortexa9_0/libsrc/coresightps_dcc_v1_4/src
make -C ps7_cortexa9_0/libsrc/coresightps_dcc_v1_4/src -s libs  "SHELL=/bin/sh" "COMPILER=arm-none-eabi-gcc" "ARCHIVER=arm-none-eabi-ar" "COMPILER_FLAGS=  -O2 -c" "EXTRA_COMPILER_FLAGS=-mcpu=cortex-a9 -mfpu=vfpv3 -mfloat-abi=hard -nostartfiles -g -Wall -Wextra"
Compiling coresightps_dcc
Running Make libs in ps7_cortexa9_0/libsrc/scutimer_v2_1/src
make -C ps7_cortexa9_0/libsrc/scutimer_v2_1/src -s libs  "SHELL=/bin/sh" "COMPILER=arm-none-eabi-gcc" "ARCHIVER=arm-none-eabi-ar" "COMPILER_FLAGS=  -O2 -c" "EXTRA_COMPILER_FLAGS=-mcpu=cortex-a9 -mfpu=vfpv3 -mfloat-abi=hard -nostartfiles -g -Wall -Wextra"
Compiling scutimer
Finished building libraries

**** Build of configuration Debug for project lab_6_software ****

Nothing to build for project lab_6_software
12:41:59 **** Auto Build of configuration Debug for project lab_6_software ****
make pre-build main-build 
a9-linaro-pre-build-step
 
Building file: ../src/main.c
Invoking: ARM v7 gcc compiler
arm-none-eabi-gcc -Wall -O0 -g3 -c -fmessage-length=0 -MT"src/main.o" -mcpu=cortex-a9 -mfpu=vfpv3 -mfloat-abi=hard -I../../lab_6_software_bsp/ps7_cortexa9_0/include -MMD -MP -MF"src/main.d" -MT"src/main.o" -o "src/main.o" "../src/main.c"
Finished building: ../src/main.c
 
Building target: lab_6_software.elf
Invoking: ARM v7 gcc linker
arm-none-eabi-gcc -mcpu=cortex-a9 -mfpu=vfpv3 -mfloat-abi=hard -Wl,-build-id=none -specs=Xilinx.spec -Wl,-T -Wl,../src/lscript.ld -L../../lab_6_software_bsp/ps7_cortexa9_0/lib -o "lab_6_software.elf"  ./src/main.o   -Wl,--start-group,-lxil,-lgcc,-lc,--end-group
../../lab_6_software_bsp/ps7_cortexa9_0/lib/libxil.a(xil-crt0.o): In function `_start':
/home/user/Lab-6-Final-Project/Lab-6/Lab-6.sdk/lab_6_software_bsp/ps7_cortexa9_0/libsrc/standalone_v6_7/src/xil-crt0.S:142: undefined reference to `main'
makefile:39: recipe for target 'lab_6_software.elf' failed
collect2: error: ld returned 1 exit status
make: *** [lab_6_software.elf] Error 1
12:42:21 **** Auto Build of configuration Debug for project lab_6_software ****
make pre-build main-build 
a9-linaro-pre-build-step
 
Building file: ../src/main.c
Invoking: ARM v7 gcc compiler
arm-none-eabi-gcc -Wall -O0 -g3 -c -fmessage-length=0 -MT"src/main.o" -mcpu=cortex-a9 -mfpu=vfpv3 -mfloat-abi=hard -I../../lab_6_software_bsp/ps7_cortexa9_0/include -MMD -MP -MF"src/main.d" -MT"src/main.o" -o "src/main.o" "../src/main.c"
../src/main.c: In function 'DemoRun':
../src/main.c:163:40: warning: passing argument 2 of 'OLED_PutString' discards 'const' qualifier from pointer target type [-Wdiscarded-qualifiers]
          OLED_PutString(&myDeviceOLED, weekdays[time.day]);
                                        ^~~~~~~~
In file included from ../src/main.c:36:0:
../../lab_6_software_bsp/ps7_cortexa9_0/include/PmodOLED.h:165:6: note: expected 'char *' but argument is of type 'const char *'
 void OLED_PutString    (PmodOLED *InstancePtr, char *sz);
      ^~~~~~~~~~~~~~
../src/main.c:165:40: warning: passing argument 2 of 'OLED_PutString' makes pointer from integer without a cast [-Wint-conversion]
          OLED_PutString(&myDeviceOLED, time.date);
                                        ^~~~
In file included from ../src/main.c:36:0:
../../lab_6_software_bsp/ps7_cortexa9_0/include/PmodOLED.h:165:6: note: expected 'char *' but argument is of type 'u8 {aka unsigned char}'
 void OLED_PutString    (PmodOLED *InstancePtr, char *sz);
      ^~~~~~~~~~~~~~
Finished building: ../src/main.c
 
Building target: lab_6_software.elf
Invoking: ARM v7 gcc linker
arm-none-eabi-gcc -mcpu=cortex-a9 -mfpu=vfpv3 -mfloat-abi=hard -Wl,-build-id=none -specs=Xilinx.spec -Wl,-T -Wl,../src/lscript.ld -L../../lab_6_software_bsp/ps7_cortexa9_0/lib -o "lab_6_software.elf"  ./src/main.o   -Wl,--start-group,-lxil,-lgcc,-lc,--end-group
Finished building target: lab_6_software.elf
 
Invoking: ARM v7 Print Size
arm-none-eabi-size lab_6_software.elf  |tee "lab_6_software.elf.size"
   text	   data	    bss	    dec	    hex	filename
  40264	   1224	  23624	  65112	   fe58	lab_6_software.elf
Finished building: lab_6_software.elf.size
 
12:42:58 **** Incremental Build of configuration Debug for project lab_6_software ****
make pre-build main-build 
a9-linaro-pre-build-step
 
make: Nothing to be done for 'main-build'.
12:42:59 **** Auto Build of configuration Debug for project lab_6_software ****
make pre-build main-build 
a9-linaro-pre-build-step
 
make: Nothing to be done for 'main-build'.
12:44:21 **** Auto Build of configuration Debug for project lab_6_software ****
make pre-build main-build 
a9-linaro-pre-build-step
 
Building file: ../src/main.c
Invoking: ARM v7 gcc compiler
arm-none-eabi-gcc -Wall -O0 -g3 -c -fmessage-length=0 -MT"src/main.o" -mcpu=cortex-a9 -mfpu=vfpv3 -mfloat-abi=hard -I../../lab_6_software_bsp/ps7_cortexa9_0/include -MMD -MP -MF"src/main.d" -MT"src/main.o" -o "src/main.o" "../src/main.c"
../src/main.c: In function 'DemoRun':
../src/main.c:162:37: warning: passing argument 2 of 'OLED_PutString' discards 'const' qualifier from pointer target type [-Wdiscarded-qualifiers]
       OLED_PutString(&myDeviceOLED, weekdays[time.day]);
                                     ^~~~~~~~
In file included from ../src/main.c:36:0:
../../lab_6_software_bsp/ps7_cortexa9_0/include/PmodOLED.h:165:6: note: expected 'char *' but argument is of type 'const char *'
 void OLED_PutString    (PmodOLED *InstancePtr, char *sz);
      ^~~~~~~~~~~~~~
../src/main.c:164:37: warning: passing argument 2 of 'OLED_PutString' makes pointer from integer without a cast [-Wint-conversion]
       OLED_PutString(&myDeviceOLED, time.date);
                                     ^~~~
In file included from ../src/main.c:36:0:
../../lab_6_software_bsp/ps7_cortexa9_0/include/PmodOLED.h:165:6: note: expected 'char *' but argument is of type 'u8 {aka unsigned char}'
 void OLED_PutString    (PmodOLED *InstancePtr, char *sz);
      ^~~~~~~~~~~~~~
../src/main.c:139:8: warning: unused variable 'irow' [-Wunused-variable]
    int irow;
        ^~~~
Finished building: ../src/main.c
 
Building target: lab_6_software.elf
Invoking: ARM v7 gcc linker
arm-none-eabi-gcc -mcpu=cortex-a9 -mfpu=vfpv3 -mfloat-abi=hard -Wl,-build-id=none -specs=Xilinx.spec -Wl,-T -Wl,../src/lscript.ld -L../../lab_6_software_bsp/ps7_cortexa9_0/lib -o "lab_6_software.elf"  ./src/main.o   -Wl,--start-group,-lxil,-lgcc,-lc,--end-group
Finished building target: lab_6_software.elf
 
Invoking: ARM v7 Print Size
arm-none-eabi-size lab_6_software.elf  |tee "lab_6_software.elf.size"
   text	   data	    bss	    dec	    hex	filename
  40136	   1224	  23624	  64984	   fdd8	lab_6_software.elf
Finished building: lab_6_software.elf.size
 
12:44:45 **** Incremental Build of configuration Debug for project lab_6_software ****
make pre-build main-build 
a9-linaro-pre-build-step
 
make: Nothing to be done for 'main-build'.
12:45:32 **** Auto Build of configuration Debug for project lab_6_software ****
make pre-build main-build 
a9-linaro-pre-build-step
 
Building file: ../src/main.c
Invoking: ARM v7 gcc compiler
arm-none-eabi-gcc -Wall -O0 -g3 -c -fmessage-length=0 -MT"src/main.o" -mcpu=cortex-a9 -mfpu=vfpv3 -mfloat-abi=hard -I../../lab_6_software_bsp/ps7_cortexa9_0/include -MMD -MP -MF"src/main.d" -MT"src/main.o" -o "src/main.o" "../src/main.c"
../src/main.c: In function 'DemoRun':
../src/main.c:163:44: warning: passing argument 2 of 'OLED_PutString' discards 'const' qualifier from pointer target type [-Wdiscarded-qualifiers]
              OLED_PutString(&myDeviceOLED, weekdays[time.day]);
                                            ^~~~~~~~
In file included from ../src/main.c:36:0:
../../lab_6_software_bsp/ps7_cortexa9_0/include/PmodOLED.h:165:6: note: expected 'char *' but argument is of type 'const char *'
 void OLED_PutString    (PmodOLED *InstancePtr, char *sz);
      ^~~~~~~~~~~~~~
../src/main.c:165:44: warning: passing argument 2 of 'OLED_PutString' makes pointer from integer without a cast [-Wint-conversion]
              OLED_PutString(&myDeviceOLED, time.date);
                                            ^~~~
In file included from ../src/main.c:36:0:
../../lab_6_software_bsp/ps7_cortexa9_0/include/PmodOLED.h:165:6: note: expected 'char *' but argument is of type 'u8 {aka unsigned char}'
 void OLED_PutString    (PmodOLED *InstancePtr, char *sz);
      ^~~~~~~~~~~~~~
Finished building: ../src/main.c
 
Building target: lab_6_software.elf
Invoking: ARM v7 gcc linker
arm-none-eabi-gcc -mcpu=cortex-a9 -mfpu=vfpv3 -mfloat-abi=hard -Wl,-build-id=none -specs=Xilinx.spec -Wl,-T -Wl,../src/lscript.ld -L../../lab_6_software_bsp/ps7_cortexa9_0/lib -o "lab_6_software.elf"  ./src/main.o   -Wl,--start-group,-lxil,-lgcc,-lc,--end-group
Finished building target: lab_6_software.elf
 
Invoking: ARM v7 Print Size
arm-none-eabi-size lab_6_software.elf  |tee "lab_6_software.elf.size"
   text	   data	    bss	    dec	    hex	filename
  40264	   1224	  23624	  65112	   fe58	lab_6_software.elf
Finished building: lab_6_software.elf.size
 
12:45:44 **** Incremental Build of configuration Debug for project lab_6_software ****
make pre-build main-build 
a9-linaro-pre-build-step
 
make: Nothing to be done for 'main-build'.
12:48:07 **** Auto Build of configuration Debug for project lab_6_software ****
make pre-build main-build 
a9-linaro-pre-build-step
 
Building file: ../src/main.c
Invoking: ARM v7 gcc compiler
arm-none-eabi-gcc -Wall -O0 -g3 -c -fmessage-length=0 -MT"src/main.o" -mcpu=cortex-a9 -mfpu=vfpv3 -mfloat-abi=hard -I../../lab_6_software_bsp/ps7_cortexa9_0/include -MMD -MP -MF"src/main.d" -MT"src/main.o" -o "src/main.o" "../src/main.c"
../src/main.c: In function 'DemoRun':
../src/main.c:163:44: warning: passing argument 2 of 'OLED_PutString' discards 'const' qualifier from pointer target type [-Wdiscarded-qualifiers]
              OLED_PutString(&myDeviceOLED, weekdays[time.day]);
                                            ^~~~~~~~
In file included from ../src/main.c:36:0:
../../lab_6_software_bsp/ps7_cortexa9_0/include/PmodOLED.h:165:6: note: expected 'char *' but argument is of type 'const char *'
 void OLED_PutString    (PmodOLED *InstancePtr, char *sz);
      ^~~~~~~~~~~~~~
../src/main.c:165:44: warning: passing argument 2 of 'OLED_PutString' makes pointer from integer without a cast [-Wint-conversion]
              OLED_PutString(&myDeviceOLED, time.month);
                                            ^~~~
In file included from ../src/main.c:36:0:
../../lab_6_software_bsp/ps7_cortexa9_0/include/PmodOLED.h:165:6: note: expected 'char *' but argument is of type 'u8 {aka unsigned char}'
 void OLED_PutString    (PmodOLED *InstancePtr, char *sz);
      ^~~~~~~~~~~~~~
Finished building: ../src/main.c
 
Building target: lab_6_software.elf
Invoking: ARM v7 gcc linker
arm-none-eabi-gcc -mcpu=cortex-a9 -mfpu=vfpv3 -mfloat-abi=hard -Wl,-build-id=none -specs=Xilinx.spec -Wl,-T -Wl,../src/lscript.ld -L../../lab_6_software_bsp/ps7_cortexa9_0/lib -o "lab_6_software.elf"  ./src/main.o   -Wl,--start-group,-lxil,-lgcc,-lc,--end-group
Finished building target: lab_6_software.elf
 
Invoking: ARM v7 Print Size
arm-none-eabi-size lab_6_software.elf  |tee "lab_6_software.elf.size"
   text	   data	    bss	    dec	    hex	filename
  40264	   1224	  23624	  65112	   fe58	lab_6_software.elf
Finished building: lab_6_software.elf.size
 
12:48:28 **** Incremental Build of configuration Debug for project lab_6_software ****
make pre-build main-build 
a9-linaro-pre-build-step
 
make: Nothing to be done for 'main-build'.
12:48:47 **** Auto Build of configuration Debug for project lab_6_software ****
make pre-build main-build 
a9-linaro-pre-build-step
 
Building file: ../src/main.c
Invoking: ARM v7 gcc compiler
arm-none-eabi-gcc -Wall -O0 -g3 -c -fmessage-length=0 -MT"src/main.o" -mcpu=cortex-a9 -mfpu=vfpv3 -mfloat-abi=hard -I../../lab_6_software_bsp/ps7_cortexa9_0/include -MMD -MP -MF"src/main.d" -MT"src/main.o" -o "src/main.o" "../src/main.c"
../src/main.c: In function 'DemoRun':
../src/main.c:163:44: warning: passing argument 2 of 'OLED_PutString' discards 'const' qualifier from pointer target type [-Wdiscarded-qualifiers]
              OLED_PutString(&myDeviceOLED, weekdays[time.day]);
                                            ^~~~~~~~
In file included from ../src/main.c:36:0:
../../lab_6_software_bsp/ps7_cortexa9_0/include/PmodOLED.h:165:6: note: expected 'char *' but argument is of type 'const char *'
 void OLED_PutString    (PmodOLED *InstancePtr, char *sz);
      ^~~~~~~~~~~~~~
Finished building: ../src/main.c
 
Building target: lab_6_software.elf
Invoking: ARM v7 gcc linker
arm-none-eabi-gcc -mcpu=cortex-a9 -mfpu=vfpv3 -mfloat-abi=hard -Wl,-build-id=none -specs=Xilinx.spec -Wl,-T -Wl,../src/lscript.ld -L../../lab_6_software_bsp/ps7_cortexa9_0/lib -o "lab_6_software.elf"  ./src/main.o   -Wl,--start-group,-lxil,-lgcc,-lc,--end-group
Finished building target: lab_6_software.elf
 
Invoking: ARM v7 Print Size
arm-none-eabi-size lab_6_software.elf  |tee "lab_6_software.elf.size"
   text	   data	    bss	    dec	    hex	filename
  40264	   1224	  23624	  65112	   fe58	lab_6_software.elf
Finished building: lab_6_software.elf.size
 
12:48:56 **** Incremental Build of configuration Debug for project lab_6_software ****
make pre-build main-build 
a9-linaro-pre-build-step
 
make: Nothing to be done for 'main-build'.
12:49:09 **** Incremental Build of configuration Debug for project lab_6_software ****
make pre-build main-build 
a9-linaro-pre-build-step
 
make: Nothing to be done for 'main-build'.
12:50:23 **** Auto Build of configuration Debug for project lab_6_software ****
make pre-build main-build 
a9-linaro-pre-build-step
 
Building file: ../src/main.c
Invoking: ARM v7 gcc compiler
arm-none-eabi-gcc -Wall -O0 -g3 -c -fmessage-length=0 -MT"src/main.o" -mcpu=cortex-a9 -mfpu=vfpv3 -mfloat-abi=hard -I../../lab_6_software_bsp/ps7_cortexa9_0/include -MMD -MP -MF"src/main.d" -MT"src/main.o" -o "src/main.o" "../src/main.c"
../src/main.c: In function 'DemoRun':
../src/main.c:163:44: warning: passing argument 2 of 'OLED_PutString' makes pointer from integer without a cast [-Wint-conversion]
              OLED_PutString(&myDeviceOLED, time.hour);
                                            ^~~~
In file included from ../src/main.c:36:0:
../../lab_6_software_bsp/ps7_cortexa9_0/include/PmodOLED.h:165:6: note: expected 'char *' but argument is of type 'u8 {aka unsigned char}'
 void OLED_PutString    (PmodOLED *InstancePtr, char *sz);
      ^~~~~~~~~~~~~~
Finished building: ../src/main.c
 
Building target: lab_6_software.elf
Invoking: ARM v7 gcc linker
arm-none-eabi-gcc -mcpu=cortex-a9 -mfpu=vfpv3 -mfloat-abi=hard -Wl,-build-id=none -specs=Xilinx.spec -Wl,-T -Wl,../src/lscript.ld -L../../lab_6_software_bsp/ps7_cortexa9_0/lib -o "lab_6_software.elf"  ./src/main.o   -Wl,--start-group,-lxil,-lgcc,-lc,--end-group
Finished building target: lab_6_software.elf
 
Invoking: ARM v7 Print Size
arm-none-eabi-size lab_6_software.elf  |tee "lab_6_software.elf.size"
   text	   data	    bss	    dec	    hex	filename
  40200	   1224	  23624	  65048	   fe18	lab_6_software.elf
Finished building: lab_6_software.elf.size
 
12:51:14 **** Auto Build of configuration Debug for project lab_6_software ****
make pre-build main-build 
a9-linaro-pre-build-step
 
Building file: ../src/main.c
Invoking: ARM v7 gcc compiler
arm-none-eabi-gcc -Wall -O0 -g3 -c -fmessage-length=0 -MT"src/main.o" -mcpu=cortex-a9 -mfpu=vfpv3 -mfloat-abi=hard -I../../lab_6_software_bsp/ps7_cortexa9_0/include -MMD -MP -MF"src/main.d" -MT"src/main.o" -o "src/main.o" "../src/main.c"
../src/main.c: In function 'DemoRun':
../src/main.c:156:37: warning: passing argument 2 of 'OLED_PutString' makes pointer from integer without a cast [-Wint-conversion]
       OLED_PutString(&myDeviceOLED, time.hour);
                                     ^~~~
In file included from ../src/main.c:36:0:
../../lab_6_software_bsp/ps7_cortexa9_0/include/PmodOLED.h:165:6: note: expected 'char *' but argument is of type 'u8 {aka unsigned char}'
 void OLED_PutString    (PmodOLED *InstancePtr, char *sz);
      ^~~~~~~~~~~~~~
../src/main.c:140:8: warning: unused variable 'pat' [-Wunused-variable]
    u8 *pat;
        ^~~
../src/main.c:139:8: warning: unused variable 'irow' [-Wunused-variable]
    int irow;
        ^~~~
Finished building: ../src/main.c
 
Building target: lab_6_software.elf
Invoking: ARM v7 gcc linker
arm-none-eabi-gcc -mcpu=cortex-a9 -mfpu=vfpv3 -mfloat-abi=hard -Wl,-build-id=none -specs=Xilinx.spec -Wl,-T -Wl,../src/lscript.ld -L../../lab_6_software_bsp/ps7_cortexa9_0/lib -o "lab_6_software.elf"  ./src/main.o   -Wl,--start-group,-lxil,-lgcc,-lc,--end-group
Finished building target: lab_6_software.elf
 
Invoking: ARM v7 Print Size
arm-none-eabi-size lab_6_software.elf  |tee "lab_6_software.elf.size"
   text	   data	    bss	    dec	    hex	filename
  39992	   1224	  23624	  64840	   fd48	lab_6_software.elf
Finished building: lab_6_software.elf.size
 
12:51:28 **** Incremental Build of configuration Debug for project lab_6_software ****
make pre-build main-build 
a9-linaro-pre-build-step
 
make: Nothing to be done for 'main-build'.
12:51:58 **** Auto Build of configuration Debug for project lab_6_software ****
make pre-build main-build 
a9-linaro-pre-build-step
 
Building file: ../src/main.c
Invoking: ARM v7 gcc compiler
arm-none-eabi-gcc -Wall -O0 -g3 -c -fmessage-length=0 -MT"src/main.o" -mcpu=cortex-a9 -mfpu=vfpv3 -mfloat-abi=hard -I../../lab_6_software_bsp/ps7_cortexa9_0/include -MMD -MP -MF"src/main.d" -MT"src/main.o" -o "src/main.o" "../src/main.c"
../src/main.c: In function 'DemoRun':
../src/main.c:140:8: warning: unused variable 'pat' [-Wunused-variable]
    u8 *pat;
        ^~~
../src/main.c:139:8: warning: unused variable 'irow' [-Wunused-variable]
    int irow;
        ^~~~
Finished building: ../src/main.c
 
Building target: lab_6_software.elf
Invoking: ARM v7 gcc linker
arm-none-eabi-gcc -mcpu=cortex-a9 -mfpu=vfpv3 -mfloat-abi=hard -Wl,-build-id=none -specs=Xilinx.spec -Wl,-T -Wl,../src/lscript.ld -L../../lab_6_software_bsp/ps7_cortexa9_0/lib -o "lab_6_software.elf"  ./src/main.o   -Wl,--start-group,-lxil,-lgcc,-lc,--end-group
Finished building target: lab_6_software.elf
 
Invoking: ARM v7 Print Size
arm-none-eabi-size lab_6_software.elf  |tee "lab_6_software.elf.size"
   text	   data	    bss	    dec	    hex	filename
  39992	   1224	  23624	  64840	   fd48	lab_6_software.elf
Finished building: lab_6_software.elf.size
 
12:52:22 **** Incremental Build of configuration Debug for project lab_6_software ****
make pre-build main-build 
a9-linaro-pre-build-step
 
make: Nothing to be done for 'main-build'.
12:52:49 **** Auto Build of configuration Debug for project lab_6_software ****
make pre-build main-build 
a9-linaro-pre-build-step
 
Building file: ../src/main.c
Invoking: ARM v7 gcc compiler
arm-none-eabi-gcc -Wall -O0 -g3 -c -fmessage-length=0 -MT"src/main.o" -mcpu=cortex-a9 -mfpu=vfpv3 -mfloat-abi=hard -I../../lab_6_software_bsp/ps7_cortexa9_0/include -MMD -MP -MF"src/main.d" -MT"src/main.o" -o "src/main.o" "../src/main.c"
../src/main.c: In function 'DemoRun':
../src/main.c:140:8: warning: unused variable 'pat' [-Wunused-variable]
    u8 *pat;
        ^~~
../src/main.c:139:8: warning: unused variable 'irow' [-Wunused-variable]
    int irow;
        ^~~~
Finished building: ../src/main.c
 
Building target: lab_6_software.elf
Invoking: ARM v7 gcc linker
arm-none-eabi-gcc -mcpu=cortex-a9 -mfpu=vfpv3 -mfloat-abi=hard -Wl,-build-id=none -specs=Xilinx.spec -Wl,-T -Wl,../src/lscript.ld -L../../lab_6_software_bsp/ps7_cortexa9_0/lib -o "lab_6_software.elf"  ./src/main.o   -Wl,--start-group,-lxil,-lgcc,-lc,--end-group
Finished building target: lab_6_software.elf
 
Invoking: ARM v7 Print Size
arm-none-eabi-size lab_6_software.elf  |tee "lab_6_software.elf.size"
   text	   data	    bss	    dec	    hex	filename
  39992	   1224	  23624	  64840	   fd48	lab_6_software.elf
Finished building: lab_6_software.elf.size
 
12:53:05 **** Incremental Build of configuration Debug for project lab_6_software ****
make pre-build main-build 
a9-linaro-pre-build-step
 
make: Nothing to be done for 'main-build'.
12:53:55 **** Auto Build of configuration Debug for project lab_6_software ****
make pre-build main-build 
a9-linaro-pre-build-step
 
Building file: ../src/main.c
Invoking: ARM v7 gcc compiler
arm-none-eabi-gcc -Wall -O0 -g3 -c -fmessage-length=0 -MT"src/main.o" -mcpu=cortex-a9 -mfpu=vfpv3 -mfloat-abi=hard -I../../lab_6_software_bsp/ps7_cortexa9_0/include -MMD -MP -MF"src/main.d" -MT"src/main.o" -o "src/main.o" "../src/main.c"
../src/main.c: In function 'DemoRun':
../src/main.c:139:8: warning: unused variable 'pat' [-Wunused-variable]
    u8 *pat;
        ^~~
Finished building: ../src/main.c
 
Building target: lab_6_software.elf
Invoking: ARM v7 gcc linker
arm-none-eabi-gcc -mcpu=cortex-a9 -mfpu=vfpv3 -mfloat-abi=hard -Wl,-build-id=none -specs=Xilinx.spec -Wl,-T -Wl,../src/lscript.ld -L../../lab_6_software_bsp/ps7_cortexa9_0/lib -o "lab_6_software.elf"  ./src/main.o   -Wl,--start-group,-lxil,-lgcc,-lc,--end-group
Finished building target: lab_6_software.elf
 
Invoking: ARM v7 Print Size
arm-none-eabi-size lab_6_software.elf  |tee "lab_6_software.elf.size"
   text	   data	    bss	    dec	    hex	filename
  39992	   1224	  23624	  64840	   fd48	lab_6_software.elf
Finished building: lab_6_software.elf.size
 
12:54:00 **** Incremental Build of configuration Debug for project lab_6_software ****
make pre-build main-build 
a9-linaro-pre-build-step
 
make: Nothing to be done for 'main-build'.
12:54:23 **** Auto Build of configuration Debug for project lab_6_software ****
make pre-build main-build 
a9-linaro-pre-build-step
 
Building file: ../src/main.c
Invoking: ARM v7 gcc compiler
arm-none-eabi-gcc -Wall -O0 -g3 -c -fmessage-length=0 -MT"src/main.o" -mcpu=cortex-a9 -mfpu=vfpv3 -mfloat-abi=hard -I../../lab_6_software_bsp/ps7_cortexa9_0/include -MMD -MP -MF"src/main.d" -MT"src/main.o" -o "src/main.o" "../src/main.c"
../src/main.c: In function 'DemoRun':
../src/main.c:141:14: warning: variable 'time' set but not used [-Wunused-but-set-variable]
    RTCC_Time time;
              ^~~~
../src/main.c:139:8: warning: unused variable 'pat' [-Wunused-variable]
    u8 *pat;
        ^~~
Finished building: ../src/main.c
 
Building target: lab_6_software.elf
Invoking: ARM v7 gcc linker
arm-none-eabi-gcc -mcpu=cortex-a9 -mfpu=vfpv3 -mfloat-abi=hard -Wl,-build-id=none -specs=Xilinx.spec -Wl,-T -Wl,../src/lscript.ld -L../../lab_6_software_bsp/ps7_cortexa9_0/lib -o "lab_6_software.elf"  ./src/main.o   -Wl,--start-group,-lxil,-lgcc,-lc,--end-group
Finished building target: lab_6_software.elf
 
Invoking: ARM v7 Print Size
arm-none-eabi-size lab_6_software.elf  |tee "lab_6_software.elf.size"
   text	   data	    bss	    dec	    hex	filename
  39992	   1224	  23624	  64840	   fd48	lab_6_software.elf
Finished building: lab_6_software.elf.size
 
12:55:12 **** Auto Build of configuration Debug for project lab_6_software ****
make pre-build main-build 
a9-linaro-pre-build-step
 
Building file: ../src/main.c
Invoking: ARM v7 gcc compiler
arm-none-eabi-gcc -Wall -O0 -g3 -c -fmessage-length=0 -MT"src/main.o" -mcpu=cortex-a9 -mfpu=vfpv3 -mfloat-abi=hard -I../../lab_6_software_bsp/ps7_cortexa9_0/include -MMD -MP -MF"src/main.d" -MT"src/main.o" -o "src/main.o" "../src/main.c"
../src/main.c: In function 'DemoRun':
../src/main.c:141:14: warning: variable 'time' set but not used [-Wunused-but-set-variable]
    RTCC_Time time;
              ^~~~
../src/main.c:139:8: warning: unused variable 'pat' [-Wunused-variable]
    u8 *pat;
        ^~~
Finished building: ../src/main.c
 
Building target: lab_6_software.elf
Invoking: ARM v7 gcc linker
arm-none-eabi-gcc -mcpu=cortex-a9 -mfpu=vfpv3 -mfloat-abi=hard -Wl,-build-id=none -specs=Xilinx.spec -Wl,-T -Wl,../src/lscript.ld -L../../lab_6_software_bsp/ps7_cortexa9_0/lib -o "lab_6_software.elf"  ./src/main.o   -Wl,--start-group,-lxil,-lgcc,-lc,--end-group
Finished building target: lab_6_software.elf
 
Invoking: ARM v7 Print Size
arm-none-eabi-size lab_6_software.elf  |tee "lab_6_software.elf.size"
   text	   data	    bss	    dec	    hex	filename
  40032	   1224	  23624	  64880	   fd70	lab_6_software.elf
Finished building: lab_6_software.elf.size
 
12:55:18 **** Incremental Build of configuration Debug for project lab_6_software ****
make pre-build main-build 
a9-linaro-pre-build-step
 
make: Nothing to be done for 'main-build'.
12:57:18 **** Auto Build of configuration Debug for project lab_6_software ****
make pre-build main-build 
a9-linaro-pre-build-step
 
Building file: ../src/main.c
Invoking: ARM v7 gcc compiler
arm-none-eabi-gcc -Wall -O0 -g3 -c -fmessage-length=0 -MT"src/main.o" -mcpu=cortex-a9 -mfpu=vfpv3 -mfloat-abi=hard -I../../lab_6_software_bsp/ps7_cortexa9_0/include -MMD -MP -MF"src/main.d" -MT"src/main.o" -o "src/main.o" "../src/main.c"
../src/main.c: In function 'DemoRun':
../src/main.c:139:8: warning: unused variable 'pat' [-Wunused-variable]
    u8 *pat;
        ^~~
Finished building: ../src/main.c
 
Building target: lab_6_software.elf
Invoking: ARM v7 gcc linker
arm-none-eabi-gcc -mcpu=cortex-a9 -mfpu=vfpv3 -mfloat-abi=hard -Wl,-build-id=none -specs=Xilinx.spec -Wl,-T -Wl,../src/lscript.ld -L../../lab_6_software_bsp/ps7_cortexa9_0/lib -o "lab_6_software.elf"  ./src/main.o   -Wl,--start-group,-lxil,-lgcc,-lc,--end-group
Finished building target: lab_6_software.elf
 
Invoking: ARM v7 Print Size
arm-none-eabi-size lab_6_software.elf  |tee "lab_6_software.elf.size"
   text	   data	    bss	    dec	    hex	filename
  40096	   1224	  23624	  64944	   fdb0	lab_6_software.elf
Finished building: lab_6_software.elf.size
 
12:57:24 **** Incremental Build of configuration Debug for project lab_6_software ****
make pre-build main-build 
a9-linaro-pre-build-step
 
make: Nothing to be done for 'main-build'.
12:58:32 **** Auto Build of configuration Debug for project lab_6_software ****
make pre-build main-build 
a9-linaro-pre-build-step
 
Building file: ../src/main.c
Invoking: ARM v7 gcc compiler
arm-none-eabi-gcc -Wall -O0 -g3 -c -fmessage-length=0 -MT"src/main.o" -mcpu=cortex-a9 -mfpu=vfpv3 -mfloat-abi=hard -I../../lab_6_software_bsp/ps7_cortexa9_0/include -MMD -MP -MF"src/main.d" -MT"src/main.o" -o "src/main.o" "../src/main.c"
../src/main.c: In function 'main':
../src/main.c:103:4: warning: implicit declaration of function 'PrintTime'; did you mean 'GetTime'? [-Wimplicit-function-declaration]
    PrintTime();
    ^~~~~~~~~
    GetTime
../src/main.c: In function 'DemoRun':
../src/main.c:141:8: warning: unused variable 'pat' [-Wunused-variable]
    u8 *pat;
        ^~~
../src/main.c: At top level:
../src/main.c:223:6: warning: conflicting types for 'PrintTime'
 void PrintTime(RTCC_Target src) {
      ^~~~~~~~~
../src/main.c:103:4: note: previous implicit declaration of 'PrintTime' was here
    PrintTime();
    ^~~~~~~~~
../src/main.c: In function 'PrintTime':
../src/main.c:227:20: error: 'myDevice' undeclared (first use in this function); did you mean 'myDeviceRTCC'?
    time = GetTime(&myDevice, src);
                    ^~~~~~~~
                    myDeviceRTCC
../src/main.c:227:20: note: each undeclared identifier is reported only once for each function it appears in
make: *** [src/main.o] Error 1
src/subdir.mk:21: recipe for target 'src/main.o' failed
12:58:55 **** Auto Build of configuration Debug for project lab_6_software ****
make pre-build main-build 
a9-linaro-pre-build-step
 
Building file: ../src/main.c
Invoking: ARM v7 gcc compiler
arm-none-eabi-gcc -Wall -O0 -g3 -c -fmessage-length=0 -MT"src/main.o" -mcpu=cortex-a9 -mfpu=vfpv3 -mfloat-abi=hard -I../../lab_6_software_bsp/ps7_cortexa9_0/include -MMD -MP -MF"src/main.d" -MT"src/main.o" -o "src/main.o" "../src/main.c"
../src/main.c: In function 'main':
../src/main.c:103:4: warning: implicit declaration of function 'PrintTime'; did you mean 'GetTime'? [-Wimplicit-function-declaration]
    PrintTime();
    ^~~~~~~~~
    GetTime
../src/main.c: In function 'DemoRun':
../src/main.c:141:8: warning: unused variable 'pat' [-Wunused-variable]
    u8 *pat;
        ^~~
../src/main.c: At top level:
../src/main.c:223:6: warning: conflicting types for 'PrintTime'
 void PrintTime(RTCC_Target src) {
      ^~~~~~~~~
../src/main.c:103:4: note: previous implicit declaration of 'PrintTime' was here
    PrintTime();
    ^~~~~~~~~
Finished building: ../src/main.c
 
Building target: lab_6_software.elf
Invoking: ARM v7 gcc linker
arm-none-eabi-gcc -mcpu=cortex-a9 -mfpu=vfpv3 -mfloat-abi=hard -Wl,-build-id=none -specs=Xilinx.spec -Wl,-T -Wl,../src/lscript.ld -L../../lab_6_software_bsp/ps7_cortexa9_0/lib -o "lab_6_software.elf"  ./src/main.o   -Wl,--start-group,-lxil,-lgcc,-lc,--end-group
Finished building target: lab_6_software.elf
 
Invoking: ARM v7 Print Size
arm-none-eabi-size lab_6_software.elf  |tee "lab_6_software.elf.size"
   text	   data	    bss	    dec	    hex	filename
  40336	   1224	  23624	  65184	   fea0	lab_6_software.elf
Finished building: lab_6_software.elf.size
 
12:59:26 **** Auto Build of configuration Debug for project lab_6_software ****
make pre-build main-build 
a9-linaro-pre-build-step
 
Building file: ../src/main.c
Invoking: ARM v7 gcc compiler
arm-none-eabi-gcc -Wall -O0 -g3 -c -fmessage-length=0 -MT"src/main.o" -mcpu=cortex-a9 -mfpu=vfpv3 -mfloat-abi=hard -I../../lab_6_software_bsp/ps7_cortexa9_0/include -MMD -MP -MF"src/main.d" -MT"src/main.o" -o "src/main.o" "../src/main.c"
../src/main.c: In function 'DemoRun':
../src/main.c:142:8: warning: unused variable 'pat' [-Wunused-variable]
    u8 *pat;
        ^~~
../src/main.c: At top level:
../src/main.c:224:6: error: conflicting types for 'PrintTime'
 void PrintTime(RTCC_Target src) {
      ^~~~~~~~~
../src/main.c:224:1: note: an argument type that has a default promotion can't match an empty parameter name list declaration
 void PrintTime(RTCC_Target src) {
 ^~~~
../src/main.c:85:6: note: previous declaration of 'PrintTime' was here
 void PrintTime();
      ^~~~~~~~~
src/subdir.mk:21: recipe for target 'src/main.o' failed
make: *** [src/main.o] Error 1
12:59:48 **** Auto Build of configuration Debug for project lab_6_software ****
make pre-build main-build 
a9-linaro-pre-build-step
 
Building file: ../src/main.c
Invoking: ARM v7 gcc compiler
arm-none-eabi-gcc -Wall -O0 -g3 -c -fmessage-length=0 -MT"src/main.o" -mcpu=cortex-a9 -mfpu=vfpv3 -mfloat-abi=hard -I../../lab_6_software_bsp/ps7_cortexa9_0/include -MMD -MP -MF"src/main.d" -MT"src/main.o" -o "src/main.o" "../src/main.c"
../src/main.c: In function 'main':
../src/main.c:104:4: error: too few arguments to function 'PrintTime'
    PrintTime();
    ^~~~~~~~~
../src/main.c:85:6: note: declared here
 void PrintTime(RTCC_Target src);
      ^~~~~~~~~
../src/main.c: In function 'DemoRun':
../src/main.c:142:8: warning: unused variable 'pat' [-Wunused-variable]
    u8 *pat;
        ^~~
src/subdir.mk:21: recipe for target 'src/main.o' failed
make: *** [src/main.o] Error 1
13:00:10 **** Auto Build of configuration Debug for project lab_6_software ****
make pre-build main-build 
a9-linaro-pre-build-step
 
Building file: ../src/main.c
Invoking: ARM v7 gcc compiler
arm-none-eabi-gcc -Wall -O0 -g3 -c -fmessage-length=0 -MT"src/main.o" -mcpu=cortex-a9 -mfpu=vfpv3 -mfloat-abi=hard -I../../lab_6_software_bsp/ps7_cortexa9_0/include -MMD -MP -MF"src/main.d" -MT"src/main.o" -o "src/main.o" "../src/main.c"
../src/main.c: In function 'DemoRun':
../src/main.c:142:8: warning: unused variable 'pat' [-Wunused-variable]
    u8 *pat;
        ^~~
Finished building: ../src/main.c
 
Building target: lab_6_software.elf
Invoking: ARM v7 gcc linker
arm-none-eabi-gcc -mcpu=cortex-a9 -mfpu=vfpv3 -mfloat-abi=hard -Wl,-build-id=none -specs=Xilinx.spec -Wl,-T -Wl,../src/lscript.ld -L../../lab_6_software_bsp/ps7_cortexa9_0/lib -o "lab_6_software.elf"  ./src/main.o   -Wl,--start-group,-lxil,-lgcc,-lc,--end-group
Finished building target: lab_6_software.elf
 
Invoking: ARM v7 Print Size
arm-none-eabi-size lab_6_software.elf  |tee "lab_6_software.elf.size"
   text	   data	    bss	    dec	    hex	filename
  40336	   1224	  23624	  65184	   fea0	lab_6_software.elf
Finished building: lab_6_software.elf.size
 
13:00:32 **** Incremental Build of configuration Debug for project lab_6_software ****
make pre-build main-build 
a9-linaro-pre-build-step
 
make: Nothing to be done for 'main-build'.
13:05:30 **** Auto Build of configuration Debug for project lab_6_software ****
make pre-build main-build 
a9-linaro-pre-build-step
 
Building file: ../src/main.c
Invoking: ARM v7 gcc compiler
arm-none-eabi-gcc -Wall -O0 -g3 -c -fmessage-length=0 -MT"src/main.o" -mcpu=cortex-a9 -mfpu=vfpv3 -mfloat-abi=hard -I../../lab_6_software_bsp/ps7_cortexa9_0/include -MMD -MP -MF"src/main.d" -MT"src/main.o" -o "src/main.o" "../src/main.c"
../src/main.c: In function 'DemoRun':
../src/main.c:146:8: warning: unused variable 'pat' [-Wunused-variable]
    u8 *pat;
        ^~~
Finished building: ../src/main.c
 
Building target: lab_6_software.elf
Invoking: ARM v7 gcc linker
arm-none-eabi-gcc -mcpu=cortex-a9 -mfpu=vfpv3 -mfloat-abi=hard -Wl,-build-id=none -specs=Xilinx.spec -Wl,-T -Wl,../src/lscript.ld -L../../lab_6_software_bsp/ps7_cortexa9_0/lib -o "lab_6_software.elf"  ./src/main.o   -Wl,--start-group,-lxil,-lgcc,-lc,--end-group
./src/main.o: In function `main':
/home/user/Lab-6-Final-Project/Lab-6/Lab-6.sdk/lab_6_software/Debug/../src/main.c:107: undefined reference to `DemoInitialize'
makefile:39: recipe for target 'lab_6_software.elf' failed
collect2: error: ld returned 1 exit status
make: *** [lab_6_software.elf] Error 1
13:05:58 **** Auto Build of configuration Debug for project lab_6_software ****
make pre-build main-build 
a9-linaro-pre-build-step
 
Building file: ../src/main.c
Invoking: ARM v7 gcc compiler
arm-none-eabi-gcc -Wall -O0 -g3 -c -fmessage-length=0 -MT"src/main.o" -mcpu=cortex-a9 -mfpu=vfpv3 -mfloat-abi=hard -I../../lab_6_software_bsp/ps7_cortexa9_0/include -MMD -MP -MF"src/main.d" -MT"src/main.o" -o "src/main.o" "../src/main.c"
../src/main.c: In function 'DemoInitialize':
../src/main.c:128:4: warning: implicit declaration of function 'EnableCaches' [-Wimplicit-function-declaration]
    EnableCaches();
    ^~~~~~~~~~~~
../src/main.c:130:16: error: 'myDevice' undeclared (first use in this function); did you mean 'myDeviceRTCC'?
    RTCC_begin(&myDevice, XPAR_PMODRTCC_0_AXI_LITE_IIC_BASEADDR, 0x6F);
                ^~~~~~~~
                myDeviceRTCC
../src/main.c:130:16: note: each undeclared identifier is reported only once for each function it appears in
../src/main.c:154:14: warning: implicit declaration of function 'IncrementTime'; did you mean 'PrintTime'? [-Wimplicit-function-declaration]
       time = IncrementTime(time, 0); // TEST
              ^~~~~~~~~~~~~
              PrintTime
../src/main.c:154:12: error: incompatible types when assigning to type 'RTCC_Time {aka struct RTCC_Time}' from type 'int'
       time = IncrementTime(time, 0); // TEST
            ^
../src/main.c:155:7: warning: implicit declaration of function 'SetTime'; did you mean 'GetTime'? [-Wimplicit-function-declaration]
       SetTime(&myDevice, RTCC_TARGET_RTCC, time);
       ^~~~~~~
       GetTime
../src/main.c:166:9: error: incompatible types when assigning to type 'RTCC_Time {aka struct RTCC_Time}' from type 'int'
    time = IncrementTime(time, 30);
         ^
../src/main.c:170:9: error: incompatible types when assigning to type 'RTCC_Time {aka struct RTCC_Time}' from type 'int'
    time = IncrementTime(time, 30);
         ^
../src/main.c: In function 'DemoRun':
../src/main.c:231:8: warning: unused variable 'pat' [-Wunused-variable]
    u8 *pat;
        ^~~
make: *** [src/main.o] Error 1
src/subdir.mk:21: recipe for target 'src/main.o' failed
13:07:26 **** Auto Build of configuration Debug for project lab_6_software ****
make pre-build main-build 
a9-linaro-pre-build-step
 
Building file: ../src/main.c
Invoking: ARM v7 gcc compiler
arm-none-eabi-gcc -Wall -O0 -g3 -c -fmessage-length=0 -MT"src/main.o" -mcpu=cortex-a9 -mfpu=vfpv3 -mfloat-abi=hard -I../../lab_6_software_bsp/ps7_cortexa9_0/include -MMD -MP -MF"src/main.d" -MT"src/main.o" -o "src/main.o" "../src/main.c"
../src/main.c: In function 'DemoInitialize':
../src/main.c:150:14: warning: implicit declaration of function 'IncrementTime'; did you mean 'PrintTime'? [-Wimplicit-function-declaration]
       time = IncrementTime(time, 0); // TEST
              ^~~~~~~~~~~~~
              PrintTime
../src/main.c:150:12: error: incompatible types when assigning to type 'RTCC_Time {aka struct RTCC_Time}' from type 'int'
       time = IncrementTime(time, 0); // TEST
            ^
../src/main.c:151:7: warning: implicit declaration of function 'SetTime'; did you mean 'GetTime'? [-Wimplicit-function-declaration]
       SetTime(&myDevice, RTCC_TARGET_RTCC, time);
       ^~~~~~~
       GetTime
../src/main.c:151:16: error: 'myDevice' undeclared (first use in this function); did you mean 'myDeviceRTCC'?
       SetTime(&myDevice, RTCC_TARGET_RTCC, time);
                ^~~~~~~~
                myDeviceRTCC
../src/main.c:151:16: note: each undeclared identifier is reported only once for each function it appears in
../src/main.c:162:9: error: incompatible types when assigning to type 'RTCC_Time {aka struct RTCC_Time}' from type 'int'
    time = IncrementTime(time, 30);
         ^
../src/main.c:166:9: error: incompatible types when assigning to type 'RTCC_Time {aka struct RTCC_Time}' from type 'int'
    time = IncrementTime(time, 30);
         ^
../src/main.c: In function 'DemoRun':
../src/main.c:227:8: warning: unused variable 'pat' [-Wunused-variable]
    u8 *pat;
        ^~~
../src/main.c: At top level:
../src/main.c:355:6: warning: conflicting types for 'SetTime'
 void SetTime(PmodRTCC *InstancePtr, RTCC_Target dest, RTCC_Time val) {
      ^~~~~~~
../src/main.c:151:7: note: previous implicit declaration of 'SetTime' was here
       SetTime(&myDevice, RTCC_TARGET_RTCC, time);
       ^~~~~~~
../src/main.c: In function 'SetTime':
../src/main.c:357:20: error: 'myDevice' undeclared (first use in this function); did you mean 'myDeviceRTCC'?
       RTCC_setSec(&myDevice, dest, val.second);
                    ^~~~~~~~
                    myDeviceRTCC
../src/main.c: At top level:
../src/main.c:388:11: error: conflicting types for 'IncrementTime'
 RTCC_Time IncrementTime(RTCC_Time time, int delta_seconds) {
           ^~~~~~~~~~~~~
../src/main.c:150:14: note: previous implicit declaration of 'IncrementTime' was here
       time = IncrementTime(time, 0); // TEST
              ^~~~~~~~~~~~~
../src/main.c: In function 'IncrementTime':
../src/main.c:392:11: warning: implicit declaration of function 'bcd2int' [-Wimplicit-function-declaration]
    temp = bcd2int(result.second) + delta_seconds;
           ^~~~~~~
../src/main.c:393:20: warning: implicit declaration of function 'int2bcd' [-Wimplicit-function-declaration]
    result.second = int2bcd(temp % 60);          // Convert seconds
                    ^~~~~~~
../src/main.c: At top level:
../src/main.c:407:4: error: conflicting types for 'bcd2int'
 u8 bcd2int(u8 data) {
    ^~~~~~~
../src/main.c:392:11: note: previous implicit declaration of 'bcd2int' was here
    temp = bcd2int(result.second) + delta_seconds;
           ^~~~~~~
src/subdir.mk:21: recipe for target 'src/main.o' failed
make: *** [src/main.o] Error 1
13:07:51 **** Auto Build of configuration Debug for project lab_6_software ****
make pre-build main-build 
a9-linaro-pre-build-step
 
Building file: ../src/main.c
Invoking: ARM v7 gcc compiler
arm-none-eabi-gcc -Wall -O0 -g3 -c -fmessage-length=0 -MT"src/main.o" -mcpu=cortex-a9 -mfpu=vfpv3 -mfloat-abi=hard -I../../lab_6_software_bsp/ps7_cortexa9_0/include -MMD -MP -MF"src/main.d" -MT"src/main.o" -o "src/main.o" "../src/main.c"
../src/main.c: In function 'DemoInitialize':
../src/main.c:155:16: error: 'myDevice' undeclared (first use in this function); did you mean 'myDeviceRTCC'?
       SetTime(&myDevice, RTCC_TARGET_RTCC, time);
                ^~~~~~~~
                myDeviceRTCC
../src/main.c:155:16: note: each undeclared identifier is reported only once for each function it appears in
../src/main.c: In function 'DemoRun':
../src/main.c:231:8: warning: unused variable 'pat' [-Wunused-variable]
    u8 *pat;
        ^~~
../src/main.c: In function 'SetTime':
../src/main.c:361:20: error: 'myDevice' undeclared (first use in this function); did you mean 'myDeviceRTCC'?
       RTCC_setSec(&myDevice, dest, val.second);
                    ^~~~~~~~
                    myDeviceRTCC
../src/main.c: In function 'IncrementTime':
../src/main.c:397:20: warning: implicit declaration of function 'int2bcd' [-Wimplicit-function-declaration]
    result.second = int2bcd(temp % 60);          // Convert seconds
                    ^~~~~~~
make: *** [src/main.o] Error 1
src/subdir.mk:21: recipe for target 'src/main.o' failed
13:09:32 **** Auto Build of configuration Debug for project lab_6_software ****
make pre-build main-build 
a9-linaro-pre-build-step
 
Building file: ../src/main.c
Invoking: ARM v7 gcc compiler
arm-none-eabi-gcc -Wall -O0 -g3 -c -fmessage-length=0 -MT"src/main.o" -mcpu=cortex-a9 -mfpu=vfpv3 -mfloat-abi=hard -I../../lab_6_software_bsp/ps7_cortexa9_0/include -MMD -MP -MF"src/main.d" -MT"src/main.o" -o "src/main.o" "../src/main.c"
../src/main.c: In function 'DemoRun':
../src/main.c:231:8: warning: unused variable 'pat' [-Wunused-variable]
    u8 *pat;
        ^~~
../src/main.c: In function 'IncrementTime':
../src/main.c:397:20: warning: implicit declaration of function 'int2bcd' [-Wimplicit-function-declaration]
    result.second = int2bcd(temp % 60);          // Convert seconds
                    ^~~~~~~
Finished building: ../src/main.c
 
Building target: lab_6_software.elf
Invoking: ARM v7 gcc linker
arm-none-eabi-gcc -mcpu=cortex-a9 -mfpu=vfpv3 -mfloat-abi=hard -Wl,-build-id=none -specs=Xilinx.spec -Wl,-T -Wl,../src/lscript.ld -L../../lab_6_software_bsp/ps7_cortexa9_0/lib -o "lab_6_software.elf"  ./src/main.o   -Wl,--start-group,-lxil,-lgcc,-lc,--end-group
./src/main.o: In function `IncrementTime':
/home/user/Lab-6-Final-Project/Lab-6/Lab-6.sdk/lab_6_software/Debug/../src/main.c:397: undefined reference to `int2bcd'
/home/user/Lab-6-Final-Project/Lab-6/Lab-6.sdk/lab_6_software/Debug/../src/main.c:399: undefined reference to `int2bcd'
/home/user/Lab-6-Final-Project/Lab-6/Lab-6.sdk/lab_6_software/Debug/../src/main.c:401: undefined reference to `int2bcd'
makefile:39: recipe for target 'lab_6_software.elf' failed
collect2: error: ld returned 1 exit status
make: *** [lab_6_software.elf] Error 1
13:10:12 **** Auto Build of configuration Debug for project lab_6_software ****
make pre-build main-build 
a9-linaro-pre-build-step
 
Building file: ../src/main.c
Invoking: ARM v7 gcc compiler
arm-none-eabi-gcc -Wall -O0 -g3 -c -fmessage-length=0 -MT"src/main.o" -mcpu=cortex-a9 -mfpu=vfpv3 -mfloat-abi=hard -I../../lab_6_software_bsp/ps7_cortexa9_0/include -MMD -MP -MF"src/main.d" -MT"src/main.o" -o "src/main.o" "../src/main.c"
../src/main.c: In function 'DemoRun':
../src/main.c:232:8: warning: unused variable 'pat' [-Wunused-variable]
    u8 *pat;
        ^~~
Finished building: ../src/main.c
 
Building target: lab_6_software.elf
Invoking: ARM v7 gcc linker
arm-none-eabi-gcc -mcpu=cortex-a9 -mfpu=vfpv3 -mfloat-abi=hard -Wl,-build-id=none -specs=Xilinx.spec -Wl,-T -Wl,../src/lscript.ld -L../../lab_6_software_bsp/ps7_cortexa9_0/lib -o "lab_6_software.elf"  ./src/main.o   -Wl,--start-group,-lxil,-lgcc,-lc,--end-group
Finished building target: lab_6_software.elf
 
Invoking: ARM v7 Print Size
arm-none-eabi-size lab_6_software.elf  |tee "lab_6_software.elf.size"
   text	   data	    bss	    dec	    hex	filename
  42072	   1224	  23624	  66920	  10568	lab_6_software.elf
Finished building: lab_6_software.elf.size
 
13:10:44 **** Auto Build of configuration Debug for project lab_6_software ****
make pre-build main-build 
a9-linaro-pre-build-step
 
Building file: ../src/main.c
Invoking: ARM v7 gcc compiler
arm-none-eabi-gcc -Wall -O0 -g3 -c -fmessage-length=0 -MT"src/main.o" -mcpu=cortex-a9 -mfpu=vfpv3 -mfloat-abi=hard -I../../lab_6_software_bsp/ps7_cortexa9_0/include -MMD -MP -MF"src/main.d" -MT"src/main.o" -o "src/main.o" "../src/main.c"
../src/main.c: In function 'DemoRun':
../src/main.c:232:8: warning: unused variable 'pat' [-Wunused-variable]
    u8 *pat;
        ^~~
Finished building: ../src/main.c
 
Building target: lab_6_software.elf
Invoking: ARM v7 gcc linker
arm-none-eabi-gcc -mcpu=cortex-a9 -mfpu=vfpv3 -mfloat-abi=hard -Wl,-build-id=none -specs=Xilinx.spec -Wl,-T -Wl,../src/lscript.ld -L../../lab_6_software_bsp/ps7_cortexa9_0/lib -o "lab_6_software.elf"  ./src/main.o   -Wl,--start-group,-lxil,-lgcc,-lc,--end-group
Finished building target: lab_6_software.elf
 
Invoking: ARM v7 Print Size
arm-none-eabi-size lab_6_software.elf  |tee "lab_6_software.elf.size"
   text	   data	    bss	    dec	    hex	filename
  42072	   1224	  23624	  66920	  10568	lab_6_software.elf
Finished building: lab_6_software.elf.size
 
13:10:48 **** Incremental Build of configuration Debug for project lab_6_software ****
make pre-build main-build 
a9-linaro-pre-build-step
 
make: Nothing to be done for 'main-build'.
13:11:15 **** Auto Build of configuration Debug for project lab_6_software ****
make pre-build main-build 
a9-linaro-pre-build-step
 
Building file: ../src/main.c
Invoking: ARM v7 gcc compiler
arm-none-eabi-gcc -Wall -O0 -g3 -c -fmessage-length=0 -MT"src/main.o" -mcpu=cortex-a9 -mfpu=vfpv3 -mfloat-abi=hard -I../../lab_6_software_bsp/ps7_cortexa9_0/include -MMD -MP -MF"src/main.d" -MT"src/main.o" -o "src/main.o" "../src/main.c"
../src/main.c: In function 'DemoRun':
../src/main.c:248:37: warning: passing argument 2 of 'OLED_PutString' makes pointer from integer without a cast [-Wint-conversion]
       OLED_PutString(&myDeviceOLED, bcd2int(time.hour));
                                     ^~~~~~~
In file included from ../src/main.c:36:0:
../../lab_6_software_bsp/ps7_cortexa9_0/include/PmodOLED.h:165:6: note: expected 'char *' but argument is of type 'u8 {aka unsigned char}'
 void OLED_PutString    (PmodOLED *InstancePtr, char *sz);
      ^~~~~~~~~~~~~~
../src/main.c:232:8: warning: unused variable 'pat' [-Wunused-variable]
    u8 *pat;
        ^~~
Finished building: ../src/main.c
 
Building target: lab_6_software.elf
Invoking: ARM v7 gcc linker
arm-none-eabi-gcc -mcpu=cortex-a9 -mfpu=vfpv3 -mfloat-abi=hard -Wl,-build-id=none -specs=Xilinx.spec -Wl,-T -Wl,../src/lscript.ld -L../../lab_6_software_bsp/ps7_cortexa9_0/lib -o "lab_6_software.elf"  ./src/main.o   -Wl,--start-group,-lxil,-lgcc,-lc,--end-group
Finished building target: lab_6_software.elf
 
Invoking: ARM v7 Print Size
arm-none-eabi-size lab_6_software.elf  |tee "lab_6_software.elf.size"
   text	   data	    bss	    dec	    hex	filename
  42072	   1224	  23624	  66920	  10568	lab_6_software.elf
Finished building: lab_6_software.elf.size
 
13:11:19 **** Incremental Build of configuration Debug for project lab_6_software ****
make pre-build main-build 
a9-linaro-pre-build-step
 
make: Nothing to be done for 'main-build'.
13:13:06 **** Auto Build of configuration Debug for project lab_6_software ****
make pre-build main-build 
a9-linaro-pre-build-step
 
Building file: ../src/main.c
Invoking: ARM v7 gcc compiler
arm-none-eabi-gcc -Wall -O0 -g3 -c -fmessage-length=0 -MT"src/main.o" -mcpu=cortex-a9 -mfpu=vfpv3 -mfloat-abi=hard -I../../lab_6_software_bsp/ps7_cortexa9_0/include -MMD -MP -MF"src/main.d" -MT"src/main.o" -o "src/main.o" "../src/main.c"
../src/main.c: In function 'DemoRun':
../src/main.c:249:37: warning: passing argument 2 of 'OLED_PutString' makes pointer from integer without a cast [-Wint-conversion]
       OLED_PutString(&myDeviceOLED, bcd2int(time.hour));
                                     ^~~~~~~
In file included from ../src/main.c:36:0:
../../lab_6_software_bsp/ps7_cortexa9_0/include/PmodOLED.h:165:6: note: expected 'char *' but argument is of type 'u8 {aka unsigned char}'
 void OLED_PutString    (PmodOLED *InstancePtr, char *sz);
      ^~~~~~~~~~~~~~
../src/main.c:234:9: warning: variable 'hour' set but not used [-Wunused-but-set-variable]
    char hour;
         ^~~~
../src/main.c:232:8: warning: unused variable 'pat' [-Wunused-variable]
    u8 *pat;
        ^~~
Finished building: ../src/main.c
 
Building target: lab_6_software.elf
Invoking: ARM v7 gcc linker
arm-none-eabi-gcc -mcpu=cortex-a9 -mfpu=vfpv3 -mfloat-abi=hard -Wl,-build-id=none -specs=Xilinx.spec -Wl,-T -Wl,../src/lscript.ld -L../../lab_6_software_bsp/ps7_cortexa9_0/lib -o "lab_6_software.elf"  ./src/main.o   -Wl,--start-group,-lxil,-lgcc,-lc,--end-group
Finished building target: lab_6_software.elf
 
Invoking: ARM v7 Print Size
arm-none-eabi-size lab_6_software.elf  |tee "lab_6_software.elf.size"
   text	   data	    bss	    dec	    hex	filename
  42072	   1224	  23624	  66920	  10568	lab_6_software.elf
Finished building: lab_6_software.elf.size
 
13:13:13 **** Auto Build of configuration Debug for project lab_6_software ****
make pre-build main-build 
a9-linaro-pre-build-step
 
Building file: ../src/main.c
Invoking: ARM v7 gcc compiler
arm-none-eabi-gcc -Wall -O0 -g3 -c -fmessage-length=0 -MT"src/main.o" -mcpu=cortex-a9 -mfpu=vfpv3 -mfloat-abi=hard -I../../lab_6_software_bsp/ps7_cortexa9_0/include -MMD -MP -MF"src/main.d" -MT"src/main.o" -o "src/main.o" "../src/main.c"
../src/main.c: In function 'DemoRun':
../src/main.c:249:37: warning: passing argument 2 of 'OLED_PutString' makes pointer from integer without a cast [-Wint-conversion]
       OLED_PutString(&myDeviceOLED, hour);
                                     ^~~~
In file included from ../src/main.c:36:0:
../../lab_6_software_bsp/ps7_cortexa9_0/include/PmodOLED.h:165:6: note: expected 'char *' but argument is of type 'char'
 void OLED_PutString    (PmodOLED *InstancePtr, char *sz);
      ^~~~~~~~~~~~~~
../src/main.c:232:8: warning: unused variable 'pat' [-Wunused-variable]
    u8 *pat;
        ^~~
Finished building: ../src/main.c
 
Building target: lab_6_software.elf
Invoking: ARM v7 gcc linker
arm-none-eabi-gcc -mcpu=cortex-a9 -mfpu=vfpv3 -mfloat-abi=hard -Wl,-build-id=none -specs=Xilinx.spec -Wl,-T -Wl,../src/lscript.ld -L../../lab_6_software_bsp/ps7_cortexa9_0/lib -o "lab_6_software.elf"  ./src/main.o   -Wl,--start-group,-lxil,-lgcc,-lc,--end-group
Finished building target: lab_6_software.elf
 
Invoking: ARM v7 Print Size
arm-none-eabi-size lab_6_software.elf  |tee "lab_6_software.elf.size"
   text	   data	    bss	    dec	    hex	filename
  42072	   1224	  23624	  66920	  10568	lab_6_software.elf
Finished building: lab_6_software.elf.size
 
13:13:26 **** Incremental Build of configuration Debug for project lab_6_software ****
make pre-build main-build 
a9-linaro-pre-build-step
 
make: Nothing to be done for 'main-build'.
13:13:50 **** Auto Build of configuration Debug for project lab_6_software ****
make pre-build main-build 
a9-linaro-pre-build-step
 
Building file: ../src/main.c
Invoking: ARM v7 gcc compiler
arm-none-eabi-gcc -Wall -O0 -g3 -c -fmessage-length=0 -MT"src/main.o" -mcpu=cortex-a9 -mfpu=vfpv3 -mfloat-abi=hard -I../../lab_6_software_bsp/ps7_cortexa9_0/include -MMD -MP -MF"src/main.d" -MT"src/main.o" -o "src/main.o" "../src/main.c"
../src/main.c: In function 'DemoRun':
../src/main.c:232:8: warning: unused variable 'pat' [-Wunused-variable]
    u8 *pat;
        ^~~
Finished building: ../src/main.c
 
Building target: lab_6_software.elf
Invoking: ARM v7 gcc linker
arm-none-eabi-gcc -mcpu=cortex-a9 -mfpu=vfpv3 -mfloat-abi=hard -Wl,-build-id=none -specs=Xilinx.spec -Wl,-T -Wl,../src/lscript.ld -L../../lab_6_software_bsp/ps7_cortexa9_0/lib -o "lab_6_software.elf"  ./src/main.o   -Wl,--start-group,-lxil,-lgcc,-lc,--end-group
Finished building target: lab_6_software.elf
 
Invoking: ARM v7 Print Size
arm-none-eabi-size lab_6_software.elf  |tee "lab_6_software.elf.size"
   text	   data	    bss	    dec	    hex	filename
  42072	   1224	  23624	  66920	  10568	lab_6_software.elf
Finished building: lab_6_software.elf.size
 
13:13:54 **** Incremental Build of configuration Debug for project lab_6_software ****
make pre-build main-build 
a9-linaro-pre-build-step
 
make: Nothing to be done for 'main-build'.
13:14:26 **** Auto Build of configuration Debug for project lab_6_software ****
make pre-build main-build 
a9-linaro-pre-build-step
 
Building file: ../src/main.c
Invoking: ARM v7 gcc compiler
arm-none-eabi-gcc -Wall -O0 -g3 -c -fmessage-length=0 -MT"src/main.o" -mcpu=cortex-a9 -mfpu=vfpv3 -mfloat-abi=hard -I../../lab_6_software_bsp/ps7_cortexa9_0/include -MMD -MP -MF"src/main.d" -MT"src/main.o" -o "src/main.o" "../src/main.c"
../src/main.c: In function 'DemoRun':
../src/main.c:232:8: warning: unused variable 'pat' [-Wunused-variable]
    u8 *pat;
        ^~~
Finished building: ../src/main.c
 
Building target: lab_6_software.elf
Invoking: ARM v7 gcc linker
arm-none-eabi-gcc -mcpu=cortex-a9 -mfpu=vfpv3 -mfloat-abi=hard -Wl,-build-id=none -specs=Xilinx.spec -Wl,-T -Wl,../src/lscript.ld -L../../lab_6_software_bsp/ps7_cortexa9_0/lib -o "lab_6_software.elf"  ./src/main.o   -Wl,--start-group,-lxil,-lgcc,-lc,--end-group
Finished building target: lab_6_software.elf
 
Invoking: ARM v7 Print Size
arm-none-eabi-size lab_6_software.elf  |tee "lab_6_software.elf.size"
   text	   data	    bss	    dec	    hex	filename
  42072	   1224	  23624	  66920	  10568	lab_6_software.elf
Finished building: lab_6_software.elf.size
 
13:14:32 **** Incremental Build of configuration Debug for project lab_6_software ****
make pre-build main-build 
a9-linaro-pre-build-step
 
make: Nothing to be done for 'main-build'.
13:15:30 **** Auto Build of configuration Debug for project lab_6_software ****
make pre-build main-build 
a9-linaro-pre-build-step
 
Building file: ../src/main.c
Invoking: ARM v7 gcc compiler
arm-none-eabi-gcc -Wall -O0 -g3 -c -fmessage-length=0 -MT"src/main.o" -mcpu=cortex-a9 -mfpu=vfpv3 -mfloat-abi=hard -I../../lab_6_software_bsp/ps7_cortexa9_0/include -MMD -MP -MF"src/main.d" -MT"src/main.o" -o "src/main.o" "../src/main.c"
../src/main.c: In function 'DemoRun':
../src/main.c:244:9: error: assignment to expression with array type
    hour = '0'+bcd2int(time.hour)/10;
         ^
../src/main.c:232:8: warning: unused variable 'pat' [-Wunused-variable]
    u8 *pat;
        ^~~
src/subdir.mk:21: recipe for target 'src/main.o' failed
make: *** [src/main.o] Error 1
13:16:14 **** Auto Build of configuration Debug for project lab_6_software ****
make pre-build main-build 
a9-linaro-pre-build-step
 
Building file: ../src/main.c
Invoking: ARM v7 gcc compiler
arm-none-eabi-gcc -Wall -O0 -g3 -c -fmessage-length=0 -MT"src/main.o" -mcpu=cortex-a9 -mfpu=vfpv3 -mfloat-abi=hard -I../../lab_6_software_bsp/ps7_cortexa9_0/include -MMD -MP -MF"src/main.d" -MT"src/main.o" -o "src/main.o" "../src/main.c"
../src/main.c: In function 'DemoRun':
../src/main.c:232:8: warning: unused variable 'pat' [-Wunused-variable]
    u8 *pat;
        ^~~
Finished building: ../src/main.c
 
Building target: lab_6_software.elf
Invoking: ARM v7 gcc linker
arm-none-eabi-gcc -mcpu=cortex-a9 -mfpu=vfpv3 -mfloat-abi=hard -Wl,-build-id=none -specs=Xilinx.spec -Wl,-T -Wl,../src/lscript.ld -L../../lab_6_software_bsp/ps7_cortexa9_0/lib -o "lab_6_software.elf"  ./src/main.o   -Wl,--start-group,-lxil,-lgcc,-lc,--end-group
Finished building target: lab_6_software.elf
 
Invoking: ARM v7 Print Size
arm-none-eabi-size lab_6_software.elf  |tee "lab_6_software.elf.size"
   text	   data	    bss	    dec	    hex	filename
  42200	   1224	  23624	  67048	  105e8	lab_6_software.elf
Finished building: lab_6_software.elf.size
 
13:16:25 **** Incremental Build of configuration Debug for project lab_6_software ****
make pre-build main-build 
a9-linaro-pre-build-step
 
make: Nothing to be done for 'main-build'.
13:19:22 **** Auto Build of configuration Debug for project lab_6_software ****
make pre-build main-build 
a9-linaro-pre-build-step
 
Building file: ../src/main.c
Invoking: ARM v7 gcc compiler
arm-none-eabi-gcc -Wall -O0 -g3 -c -fmessage-length=0 -MT"src/main.o" -mcpu=cortex-a9 -mfpu=vfpv3 -mfloat-abi=hard -I../../lab_6_software_bsp/ps7_cortexa9_0/include -MMD -MP -MF"src/main.d" -MT"src/main.o" -o "src/main.o" "../src/main.c"
../src/main.c: In function 'DemoRun':
../src/main.c:256:37: error: 'hour' undeclared (first use in this function)
       OLED_PutString(&myDeviceOLED, hour);
                                     ^~~~
../src/main.c:256:37: note: each undeclared identifier is reported only once for each function it appears in
../src/main.c:234:9: warning: variable 'timeString' set but not used [-Wunused-but-set-variable]
    char timeString[8];
         ^~~~~~~~~~
../src/main.c:232:8: warning: unused variable 'pat' [-Wunused-variable]
    u8 *pat;
        ^~~
src/subdir.mk:21: recipe for target 'src/main.o' failed
make: *** [src/main.o] Error 1
13:19:32 **** Auto Build of configuration Debug for project lab_6_software ****
make pre-build main-build 
a9-linaro-pre-build-step
 
Building file: ../src/main.c
Invoking: ARM v7 gcc compiler
arm-none-eabi-gcc -Wall -O0 -g3 -c -fmessage-length=0 -MT"src/main.o" -mcpu=cortex-a9 -mfpu=vfpv3 -mfloat-abi=hard -I../../lab_6_software_bsp/ps7_cortexa9_0/include -MMD -MP -MF"src/main.d" -MT"src/main.o" -o "src/main.o" "../src/main.c"
../src/main.c: In function 'DemoRun':
../src/main.c:232:8: warning: unused variable 'pat' [-Wunused-variable]
    u8 *pat;
        ^~~
Finished building: ../src/main.c
 
Building target: lab_6_software.elf
Invoking: ARM v7 gcc linker
arm-none-eabi-gcc -mcpu=cortex-a9 -mfpu=vfpv3 -mfloat-abi=hard -Wl,-build-id=none -specs=Xilinx.spec -Wl,-T -Wl,../src/lscript.ld -L../../lab_6_software_bsp/ps7_cortexa9_0/lib -o "lab_6_software.elf"  ./src/main.o   -Wl,--start-group,-lxil,-lgcc,-lc,--end-group
Finished building target: lab_6_software.elf
 
Invoking: ARM v7 Print Size
arm-none-eabi-size lab_6_software.elf  |tee "lab_6_software.elf.size"
   text	   data	    bss	    dec	    hex	filename
  42456	   1224	  23624	  67304	  106e8	lab_6_software.elf
Finished building: lab_6_software.elf.size
 
13:19:38 **** Incremental Build of configuration Debug for project lab_6_software ****
make pre-build main-build 
a9-linaro-pre-build-step
 
make: Nothing to be done for 'main-build'.
13:20:28 **** Auto Build of configuration Debug for project lab_6_software ****
make pre-build main-build 
a9-linaro-pre-build-step
 
Building file: ../src/main.c
Invoking: ARM v7 gcc compiler
arm-none-eabi-gcc -Wall -O0 -g3 -c -fmessage-length=0 -MT"src/main.o" -mcpu=cortex-a9 -mfpu=vfpv3 -mfloat-abi=hard -I../../lab_6_software_bsp/ps7_cortexa9_0/include -MMD -MP -MF"src/main.d" -MT"src/main.o" -o "src/main.o" "../src/main.c"
../src/main.c: In function 'DemoRun':
../src/main.c:232:8: warning: unused variable 'pat' [-Wunused-variable]
    u8 *pat;
        ^~~
Finished building: ../src/main.c
 
Building target: lab_6_software.elf
Invoking: ARM v7 gcc linker
arm-none-eabi-gcc -mcpu=cortex-a9 -mfpu=vfpv3 -mfloat-abi=hard -Wl,-build-id=none -specs=Xilinx.spec -Wl,-T -Wl,../src/lscript.ld -L../../lab_6_software_bsp/ps7_cortexa9_0/lib -o "lab_6_software.elf"  ./src/main.o   -Wl,--start-group,-lxil,-lgcc,-lc,--end-group
Finished building target: lab_6_software.elf
 
Invoking: ARM v7 Print Size
arm-none-eabi-size lab_6_software.elf  |tee "lab_6_software.elf.size"
   text	   data	    bss	    dec	    hex	filename
  42456	   1224	  23624	  67304	  106e8	lab_6_software.elf
Finished building: lab_6_software.elf.size
 
13:20:33 **** Incremental Build of configuration Debug for project lab_6_software ****
make pre-build main-build 
a9-linaro-pre-build-step
 
make: Nothing to be done for 'main-build'.
13:21:22 **** Auto Build of configuration Debug for project lab_6_software ****
make pre-build main-build 
a9-linaro-pre-build-step
 
Building file: ../src/main.c
Invoking: ARM v7 gcc compiler
arm-none-eabi-gcc -Wall -O0 -g3 -c -fmessage-length=0 -MT"src/main.o" -mcpu=cortex-a9 -mfpu=vfpv3 -mfloat-abi=hard -I../../lab_6_software_bsp/ps7_cortexa9_0/include -MMD -MP -MF"src/main.d" -MT"src/main.o" -o "src/main.o" "../src/main.c"
../src/main.c: In function 'DemoRun':
../src/main.c:232:8: warning: unused variable 'pat' [-Wunused-variable]
    u8 *pat;
        ^~~
Finished building: ../src/main.c
 
Building target: lab_6_software.elf
Invoking: ARM v7 gcc linker
arm-none-eabi-gcc -mcpu=cortex-a9 -mfpu=vfpv3 -mfloat-abi=hard -Wl,-build-id=none -specs=Xilinx.spec -Wl,-T -Wl,../src/lscript.ld -L../../lab_6_software_bsp/ps7_cortexa9_0/lib -o "lab_6_software.elf"  ./src/main.o   -Wl,--start-group,-lxil,-lgcc,-lc,--end-group
Finished building target: lab_6_software.elf
 
Invoking: ARM v7 Print Size
arm-none-eabi-size lab_6_software.elf  |tee "lab_6_software.elf.size"
   text	   data	    bss	    dec	    hex	filename
  42456	   1224	  23624	  67304	  106e8	lab_6_software.elf
Finished building: lab_6_software.elf.size
 
13:21:26 **** Incremental Build of configuration Debug for project lab_6_software ****
make pre-build main-build 
a9-linaro-pre-build-step
 
make: Nothing to be done for 'main-build'.
13:22:10 **** Auto Build of configuration Debug for project lab_6_software ****
make pre-build main-build 
a9-linaro-pre-build-step
 
Building file: ../src/main.c
Invoking: ARM v7 gcc compiler
arm-none-eabi-gcc -Wall -O0 -g3 -c -fmessage-length=0 -MT"src/main.o" -mcpu=cortex-a9 -mfpu=vfpv3 -mfloat-abi=hard -I../../lab_6_software_bsp/ps7_cortexa9_0/include -MMD -MP -MF"src/main.d" -MT"src/main.o" -o "src/main.o" "../src/main.c"
../src/main.c: In function 'DemoRun':
../src/main.c:426:1: error: expected declaration or statement at end of input
 }
 ^
../src/main.c:233:9: warning: unused variable 'c' [-Wunused-variable]
    char c;
         ^
../src/main.c:232:8: warning: unused variable 'pat' [-Wunused-variable]
    u8 *pat;
        ^~~
At top level:
../src/main.c:424:4: warning: 'int2bcd' defined but not used [-Wunused-function]
 u8 int2bcd(u8 data) {
    ^~~~~~~
../src/main.c:410:4: warning: 'bcd2int' defined but not used [-Wunused-function]
 u8 bcd2int(u8 data) {
    ^~~~~~~
../src/main.c:391:11: warning: 'IncrementTime' defined but not used [-Wunused-function]
 RTCC_Time IncrementTime(RTCC_Time time, int delta_seconds) {
           ^~~~~~~~~~~~~
../src/main.c:358:6: warning: 'SetTime' defined but not used [-Wunused-function]
 void SetTime(PmodRTCC *InstancePtr, RTCC_Target dest, RTCC_Time val) {
      ^~~~~~~
../src/main.c:312:6: warning: 'PrintTime' defined but not used [-Wunused-function]
 void PrintTime(RTCC_Target src) {
      ^~~~~~~~~
../src/main.c:264:6: warning: 'DemoCleanup' defined but not used [-Wunused-function]
 void DemoCleanup() {
      ^~~~~~~~~~~
make: *** [src/main.o] Error 1
src/subdir.mk:21: recipe for target 'src/main.o' failed
13:22:56 **** Auto Build of configuration Debug for project lab_6_software ****
make pre-build main-build 
a9-linaro-pre-build-step
 
Building file: ../src/main.c
Invoking: ARM v7 gcc compiler
arm-none-eabi-gcc -Wall -O0 -g3 -c -fmessage-length=0 -MT"src/main.o" -mcpu=cortex-a9 -mfpu=vfpv3 -mfloat-abi=hard -I../../lab_6_software_bsp/ps7_cortexa9_0/include -MMD -MP -MF"src/main.d" -MT"src/main.o" -o "src/main.o" "../src/main.c"
../src/main.c: In function 'DemoRun':
../src/main.c:233:9: warning: unused variable 'c' [-Wunused-variable]
    char c;
         ^
../src/main.c:232:8: warning: unused variable 'pat' [-Wunused-variable]
    u8 *pat;
        ^~~
Finished building: ../src/main.c
 
Building target: lab_6_software.elf
Invoking: ARM v7 gcc linker
arm-none-eabi-gcc -mcpu=cortex-a9 -mfpu=vfpv3 -mfloat-abi=hard -Wl,-build-id=none -specs=Xilinx.spec -Wl,-T -Wl,../src/lscript.ld -L../../lab_6_software_bsp/ps7_cortexa9_0/lib -o "lab_6_software.elf"  ./src/main.o   -Wl,--start-group,-lxil,-lgcc,-lc,--end-group
Finished building target: lab_6_software.elf
 
Invoking: ARM v7 Print Size
arm-none-eabi-size lab_6_software.elf  |tee "lab_6_software.elf.size"
   text	   data	    bss	    dec	    hex	filename
  42356	   1224	  23624	  67204	  10684	lab_6_software.elf
Finished building: lab_6_software.elf.size
 
13:23:10 **** Auto Build of configuration Debug for project lab_6_software ****
make pre-build main-build 
a9-linaro-pre-build-step
 
Building file: ../src/main.c
Invoking: ARM v7 gcc compiler
arm-none-eabi-gcc -Wall -O0 -g3 -c -fmessage-length=0 -MT"src/main.o" -mcpu=cortex-a9 -mfpu=vfpv3 -mfloat-abi=hard -I../../lab_6_software_bsp/ps7_cortexa9_0/include -MMD -MP -MF"src/main.d" -MT"src/main.o" -o "src/main.o" "../src/main.c"
../src/main.c: In function 'DemoRun':
../src/main.c:233:9: warning: unused variable 'c' [-Wunused-variable]
    char c;
         ^
../src/main.c:232:8: warning: unused variable 'pat' [-Wunused-variable]
    u8 *pat;
        ^~~
Finished building: ../src/main.c
 
Building target: lab_6_software.elf
Invoking: ARM v7 gcc linker
arm-none-eabi-gcc -mcpu=cortex-a9 -mfpu=vfpv3 -mfloat-abi=hard -Wl,-build-id=none -specs=Xilinx.spec -Wl,-T -Wl,../src/lscript.ld -L../../lab_6_software_bsp/ps7_cortexa9_0/lib -o "lab_6_software.elf"  ./src/main.o   -Wl,--start-group,-lxil,-lgcc,-lc,--end-group
Finished building target: lab_6_software.elf
 
Invoking: ARM v7 Print Size
arm-none-eabi-size lab_6_software.elf  |tee "lab_6_software.elf.size"
   text	   data	    bss	    dec	    hex	filename
  42332	   1224	  23624	  67180	  1066c	lab_6_software.elf
Finished building: lab_6_software.elf.size
 
13:23:16 **** Incremental Build of configuration Debug for project lab_6_software ****
make pre-build main-build 
a9-linaro-pre-build-step
 
make: Nothing to be done for 'main-build'.
13:26:30 **** Auto Build of configuration Debug for project lab_6_software ****
make pre-build main-build 
a9-linaro-pre-build-step
 
Building file: ../src/main.c
Invoking: ARM v7 gcc compiler
arm-none-eabi-gcc -Wall -O0 -g3 -c -fmessage-length=0 -MT"src/main.o" -mcpu=cortex-a9 -mfpu=vfpv3 -mfloat-abi=hard -I../../lab_6_software_bsp/ps7_cortexa9_0/include -MMD -MP -MF"src/main.d" -MT"src/main.o" -o "src/main.o" "../src/main.c"
../src/main.c: In function 'DemoRun':
../src/main.c:253:7: error: expected '(' before 'time'
    if time.ampm = 1
       ^~~~
../src/main.c:265:37: warning: passing argument 2 of 'OLED_PutString' discards 'const' qualifier from pointer target type [-Wdiscarded-qualifiers]
       OLED_PutString(&myDeviceOLED, weekdays[time.day]);
                                     ^~~~~~~~
In file included from ../src/main.c:36:0:
../../lab_6_software_bsp/ps7_cortexa9_0/include/PmodOLED.h:165:6: note: expected 'char *' but argument is of type 'const char *'
 void OLED_PutString    (PmodOLED *InstancePtr, char *sz);
      ^~~~~~~~~~~~~~
../src/main.c:233:9: warning: unused variable 'c' [-Wunused-variable]
    char c;
         ^
../src/main.c:232:8: warning: unused variable 'pat' [-Wunused-variable]
    u8 *pat;
        ^~~
make: *** [src/main.o] Error 1
src/subdir.mk:21: recipe for target 'src/main.o' failed
13:26:42 **** Auto Build of configuration Debug for project lab_6_software ****
make pre-build main-build 
a9-linaro-pre-build-step
 
Building file: ../src/main.c
Invoking: ARM v7 gcc compiler
arm-none-eabi-gcc -Wall -O0 -g3 -c -fmessage-length=0 -MT"src/main.o" -mcpu=cortex-a9 -mfpu=vfpv3 -mfloat-abi=hard -I../../lab_6_software_bsp/ps7_cortexa9_0/include -MMD -MP -MF"src/main.d" -MT"src/main.o" -o "src/main.o" "../src/main.c"
../src/main.c: In function 'DemoRun':
../src/main.c:253:8: warning: suggest parentheses around assignment used as truth value [-Wparentheses]
    if (time.ampm = 1)
        ^~~~
../src/main.c:265:37: warning: passing argument 2 of 'OLED_PutString' discards 'const' qualifier from pointer target type [-Wdiscarded-qualifiers]
       OLED_PutString(&myDeviceOLED, weekdays[time.day]);
                                     ^~~~~~~~
In file included from ../src/main.c:36:0:
../../lab_6_software_bsp/ps7_cortexa9_0/include/PmodOLED.h:165:6: note: expected 'char *' but argument is of type 'const char *'
 void OLED_PutString    (PmodOLED *InstancePtr, char *sz);
      ^~~~~~~~~~~~~~
../src/main.c:233:9: warning: unused variable 'c' [-Wunused-variable]
    char c;
         ^
../src/main.c:232:8: warning: unused variable 'pat' [-Wunused-variable]
    u8 *pat;
        ^~~
Finished building: ../src/main.c
 
Building target: lab_6_software.elf
Invoking: ARM v7 gcc linker
arm-none-eabi-gcc -mcpu=cortex-a9 -mfpu=vfpv3 -mfloat-abi=hard -Wl,-build-id=none -specs=Xilinx.spec -Wl,-T -Wl,../src/lscript.ld -L../../lab_6_software_bsp/ps7_cortexa9_0/lib -o "lab_6_software.elf"  ./src/main.o   -Wl,--start-group,-lxil,-lgcc,-lc,--end-group
Finished building target: lab_6_software.elf
 
Invoking: ARM v7 Print Size
arm-none-eabi-size lab_6_software.elf  |tee "lab_6_software.elf.size"
   text	   data	    bss	    dec	    hex	filename
  42396	   1224	  23624	  67244	  106ac	lab_6_software.elf
Finished building: lab_6_software.elf.size
 
13:26:55 **** Auto Build of configuration Debug for project lab_6_software ****
make pre-build main-build 
a9-linaro-pre-build-step
 
Building file: ../src/main.c
Invoking: ARM v7 gcc compiler
arm-none-eabi-gcc -Wall -O0 -g3 -c -fmessage-length=0 -MT"src/main.o" -mcpu=cortex-a9 -mfpu=vfpv3 -mfloat-abi=hard -I../../lab_6_software_bsp/ps7_cortexa9_0/include -MMD -MP -MF"src/main.d" -MT"src/main.o" -o "src/main.o" "../src/main.c"
../src/main.c: In function 'DemoRun':
../src/main.c:253:8: warning: suggest parentheses around assignment used as truth value [-Wparentheses]
    if (time.ampm = 1){
        ^~~~
../src/main.c:265:37: warning: passing argument 2 of 'OLED_PutString' discards 'const' qualifier from pointer target type [-Wdiscarded-qualifiers]
       OLED_PutString(&myDeviceOLED, weekdays[time.day]);
                                     ^~~~~~~~
In file included from ../src/main.c:36:0:
../../lab_6_software_bsp/ps7_cortexa9_0/include/PmodOLED.h:165:6: note: expected 'char *' but argument is of type 'const char *'
 void OLED_PutString    (PmodOLED *InstancePtr, char *sz);
      ^~~~~~~~~~~~~~
../src/main.c:233:9: warning: unused variable 'c' [-Wunused-variable]
    char c;
         ^
../src/main.c:232:8: warning: unused variable 'pat' [-Wunused-variable]
    u8 *pat;
        ^~~
Finished building: ../src/main.c
 
Building target: lab_6_software.elf
Invoking: ARM v7 gcc linker
arm-none-eabi-gcc -mcpu=cortex-a9 -mfpu=vfpv3 -mfloat-abi=hard -Wl,-build-id=none -specs=Xilinx.spec -Wl,-T -Wl,../src/lscript.ld -L../../lab_6_software_bsp/ps7_cortexa9_0/lib -o "lab_6_software.elf"  ./src/main.o   -Wl,--start-group,-lxil,-lgcc,-lc,--end-group
Finished building target: lab_6_software.elf
 
Invoking: ARM v7 Print Size
arm-none-eabi-size lab_6_software.elf  |tee "lab_6_software.elf.size"
   text	   data	    bss	    dec	    hex	filename
  42396	   1224	  23624	  67244	  106ac	lab_6_software.elf
Finished building: lab_6_software.elf.size
 
13:26:59 **** Auto Build of configuration Debug for project lab_6_software ****
make pre-build main-build 
a9-linaro-pre-build-step
 
Building file: ../src/main.c
Invoking: ARM v7 gcc compiler
arm-none-eabi-gcc -Wall -O0 -g3 -c -fmessage-length=0 -MT"src/main.o" -mcpu=cortex-a9 -mfpu=vfpv3 -mfloat-abi=hard -I../../lab_6_software_bsp/ps7_cortexa9_0/include -MMD -MP -MF"src/main.d" -MT"src/main.o" -o "src/main.o" "../src/main.c"
../src/main.c: In function 'DemoRun':
../src/main.c:265:37: warning: passing argument 2 of 'OLED_PutString' discards 'const' qualifier from pointer target type [-Wdiscarded-qualifiers]
       OLED_PutString(&myDeviceOLED, weekdays[time.day]);
                                     ^~~~~~~~
In file included from ../src/main.c:36:0:
../../lab_6_software_bsp/ps7_cortexa9_0/include/PmodOLED.h:165:6: note: expected 'char *' but argument is of type 'const char *'
 void OLED_PutString    (PmodOLED *InstancePtr, char *sz);
      ^~~~~~~~~~~~~~
../src/main.c:233:9: warning: unused variable 'c' [-Wunused-variable]
    char c;
         ^
../src/main.c:232:8: warning: unused variable 'pat' [-Wunused-variable]
    u8 *pat;
        ^~~
Finished building: ../src/main.c
 
Building target: lab_6_software.elf
Invoking: ARM v7 gcc linker
arm-none-eabi-gcc -mcpu=cortex-a9 -mfpu=vfpv3 -mfloat-abi=hard -Wl,-build-id=none -specs=Xilinx.spec -Wl,-T -Wl,../src/lscript.ld -L../../lab_6_software_bsp/ps7_cortexa9_0/lib -o "lab_6_software.elf"  ./src/main.o   -Wl,--start-group,-lxil,-lgcc,-lc,--end-group
Finished building target: lab_6_software.elf
 
Invoking: ARM v7 Print Size
arm-none-eabi-size lab_6_software.elf  |tee "lab_6_software.elf.size"
   text	   data	    bss	    dec	    hex	filename
  42396	   1224	  23624	  67244	  106ac	lab_6_software.elf
Finished building: lab_6_software.elf.size
 
13:27:09 **** Incremental Build of configuration Debug for project lab_6_software ****
make pre-build main-build 
a9-linaro-pre-build-step
 
make: Nothing to be done for 'main-build'.
